Archive member included to satisfy reference by file (symbol)

d:/stm32cubeide_1.8.0/stm32cubeide/plugins/com.st.stm32cube.ide.mcu.externaltools.gnu-tools-for-stm32.9-2020-q2-update.win32_2.0.0.202105311346/tools/bin/../lib/gcc/arm-none-eabi/9.3.1/../../../../arm-none-eabi/lib/thumb/v7-m/nofp\libc_nano.a(lib_a-atoi.o)
                              ./Core/Src/main.o (atoi)
d:/stm32cubeide_1.8.0/stm32cubeide/plugins/com.st.stm32cube.ide.mcu.externaltools.gnu-tools-for-stm32.9-2020-q2-update.win32_2.0.0.202105311346/tools/bin/../lib/gcc/arm-none-eabi/9.3.1/../../../../arm-none-eabi/lib/thumb/v7-m/nofp\libc_nano.a(lib_a-errno.o)
                              ./Core/Src/syscalls.o (__errno)
d:/stm32cubeide_1.8.0/stm32cubeide/plugins/com.st.stm32cube.ide.mcu.externaltools.gnu-tools-for-stm32.9-2020-q2-update.win32_2.0.0.202105311346/tools/bin/../lib/gcc/arm-none-eabi/9.3.1/../../../../arm-none-eabi/lib/thumb/v7-m/nofp\libc_nano.a(lib_a-exit.o)
                              d:/stm32cubeide_1.8.0/stm32cubeide/plugins/com.st.stm32cube.ide.mcu.externaltools.gnu-tools-for-stm32.9-2020-q2-update.win32_2.0.0.202105311346/tools/bin/../lib/gcc/arm-none-eabi/9.3.1/../../../../arm-none-eabi/lib/thumb/v7-m/nofp/crt0.o (exit)
d:/stm32cubeide_1.8.0/stm32cubeide/plugins/com.st.stm32cube.ide.mcu.externaltools.gnu-tools-for-stm32.9-2020-q2-update.win32_2.0.0.202105311346/tools/bin/../lib/gcc/arm-none-eabi/9.3.1/../../../../arm-none-eabi/lib/thumb/v7-m/nofp\libc_nano.a(lib_a-impure.o)
                              d:/stm32cubeide_1.8.0/stm32cubeide/plugins/com.st.stm32cube.ide.mcu.externaltools.gnu-tools-for-stm32.9-2020-q2-update.win32_2.0.0.202105311346/tools/bin/../lib/gcc/arm-none-eabi/9.3.1/../../../../arm-none-eabi/lib/thumb/v7-m/nofp\libc_nano.a(lib_a-exit.o) (_global_impure_ptr)
d:/stm32cubeide_1.8.0/stm32cubeide/plugins/com.st.stm32cube.ide.mcu.externaltools.gnu-tools-for-stm32.9-2020-q2-update.win32_2.0.0.202105311346/tools/bin/../lib/gcc/arm-none-eabi/9.3.1/../../../../arm-none-eabi/lib/thumb/v7-m/nofp\libc_nano.a(lib_a-init.o)
                              d:/stm32cubeide_1.8.0/stm32cubeide/plugins/com.st.stm32cube.ide.mcu.externaltools.gnu-tools-for-stm32.9-2020-q2-update.win32_2.0.0.202105311346/tools/bin/../lib/gcc/arm-none-eabi/9.3.1/../../../../arm-none-eabi/lib/thumb/v7-m/nofp/crt0.o (__libc_init_array)
d:/stm32cubeide_1.8.0/stm32cubeide/plugins/com.st.stm32cube.ide.mcu.externaltools.gnu-tools-for-stm32.9-2020-q2-update.win32_2.0.0.202105311346/tools/bin/../lib/gcc/arm-none-eabi/9.3.1/../../../../arm-none-eabi/lib/thumb/v7-m/nofp\libc_nano.a(lib_a-memcpy-stub.o)
                              ./Core/Src/main.o (memcpy)
d:/stm32cubeide_1.8.0/stm32cubeide/plugins/com.st.stm32cube.ide.mcu.externaltools.gnu-tools-for-stm32.9-2020-q2-update.win32_2.0.0.202105311346/tools/bin/../lib/gcc/arm-none-eabi/9.3.1/../../../../arm-none-eabi/lib/thumb/v7-m/nofp\libc_nano.a(lib_a-memset.o)
                              d:/stm32cubeide_1.8.0/stm32cubeide/plugins/com.st.stm32cube.ide.mcu.externaltools.gnu-tools-for-stm32.9-2020-q2-update.win32_2.0.0.202105311346/tools/bin/../lib/gcc/arm-none-eabi/9.3.1/../../../../arm-none-eabi/lib/thumb/v7-m/nofp/crt0.o (memset)
d:/stm32cubeide_1.8.0/stm32cubeide/plugins/com.st.stm32cube.ide.mcu.externaltools.gnu-tools-for-stm32.9-2020-q2-update.win32_2.0.0.202105311346/tools/bin/../lib/gcc/arm-none-eabi/9.3.1/../../../../arm-none-eabi/lib/thumb/v7-m/nofp\libc_nano.a(lib_a-sprintf.o)
                              ./Core/Src/main.o (sprintf)
d:/stm32cubeide_1.8.0/stm32cubeide/plugins/com.st.stm32cube.ide.mcu.externaltools.gnu-tools-for-stm32.9-2020-q2-update.win32_2.0.0.202105311346/tools/bin/../lib/gcc/arm-none-eabi/9.3.1/../../../../arm-none-eabi/lib/thumb/v7-m/nofp\libc_nano.a(lib_a-strcmp.o)
                              ./Core/Src/main.o (strcmp)
d:/stm32cubeide_1.8.0/stm32cubeide/plugins/com.st.stm32cube.ide.mcu.externaltools.gnu-tools-for-stm32.9-2020-q2-update.win32_2.0.0.202105311346/tools/bin/../lib/gcc/arm-none-eabi/9.3.1/../../../../arm-none-eabi/lib/thumb/v7-m/nofp\libc_nano.a(lib_a-strlen.o)
                              ./Core/Src/main.o (strlen)
d:/stm32cubeide_1.8.0/stm32cubeide/plugins/com.st.stm32cube.ide.mcu.externaltools.gnu-tools-for-stm32.9-2020-q2-update.win32_2.0.0.202105311346/tools/bin/../lib/gcc/arm-none-eabi/9.3.1/../../../../arm-none-eabi/lib/thumb/v7-m/nofp\libc_nano.a(lib_a-strncmp.o)
                              ./Core/Src/main.o (strncmp)
d:/stm32cubeide_1.8.0/stm32cubeide/plugins/com.st.stm32cube.ide.mcu.externaltools.gnu-tools-for-stm32.9-2020-q2-update.win32_2.0.0.202105311346/tools/bin/../lib/gcc/arm-none-eabi/9.3.1/../../../../arm-none-eabi/lib/thumb/v7-m/nofp\libc_nano.a(lib_a-strtol.o)
[...]
Memory Configuration

Name             Origin             Length             Attributes
RAM              0x0000000020000000 0x0000000000005000 xrw
FLASH            0x0000000008000000 0x0000000000020000 xr
*default*        0x0000000000000000 0xffffffffffffffff

Linker script and memory map

LOAD d:/stm32cubeide_1.8.0/stm32cubeide/plugins/com.st.stm32cube.ide.mcu.externaltools.gnu-tools-for-stm32.9-2020-q2-update.win32_2.0.0.202105311346/tools/bin/../lib/gcc/arm-none-eabi/9.3.1/thumb/v7-m/nofp/crti.o
LOAD d:/stm32cubeide_1.8.0/stm32cubeide/plugins/com.st.stm32cube.ide.mcu.externaltools.gnu-tools-for-stm32.9-2020-q2-update.win32_2.0.0.202105311346/tools/bin/../lib/gcc/arm-none-eabi/9.3.1/thumb/v7-m/nofp/crtbegin.o
LOAD d:/stm32cubeide_1.8.0/stm32cubeide/plugins/com.st.stm32cube.ide.mcu.externaltools.gnu-tools-for-stm32.9-2020-q2-update.win32_2.0.0.202105311346/tools/bin/../lib/gcc/arm-none-eabi/9.3.1/../../../../arm-none-eabi/lib/thumb/v7-m/nofp/crt0.o
LOAD ./Core/Src/main.o
LOAD ./Core/Src/stm32f1xx_hal_msp.o
LOAD ./Core/Src/stm32f1xx_it.o
LOAD ./Core/Src/syscalls.o
LOAD ./Core/Src/sysmem.o
LOAD ./Core/Src/system_stm32f1xx.o
LOAD ./Core/Startup/startup_stm32f103rbtx.o
LOAD ./Drivers/STM32F1xx_HAL_Driver/Src/stm32f1xx_hal.o
LOAD ./Drivers/STM32F1xx_HAL_Driver/Src/stm32f1xx_hal_adc.o
LOAD ./Drivers/STM32F1xx_HAL_Driver/Src/stm32f1xx_hal_adc_ex.o
LOAD ./Drivers/STM32F1xx_HAL_Driver/Src/stm32f1xx_hal_cortex.o
LOAD ./Drivers/STM32F1xx_HAL_Driver/Src/stm32f1xx_hal_dma.o
LOAD ./Drivers/STM32F1xx_HAL_Driver/Src/stm32f1xx_hal_exti.o
LOAD ./Drivers/STM32F1xx_HAL_Driver/Src/stm32f1xx_hal_flash.o
LOAD ./Drivers/STM32F1xx_HAL_Driver/Src/stm32f1xx_hal_flash_ex.o
LOAD ./Drivers/STM32F1xx_HAL_Driver/Src/stm32f1xx_hal_gpio.o
LOAD ./Drivers/STM32F1xx_HAL_Driver/Src/stm32f1xx_hal_gpio_ex.o
LOAD ./Drivers/STM32F1xx_HAL_Driver/Src/stm32f1xx_hal_pwr.o
LOAD ./Drivers/STM32F1xx_HAL_Driver/Src/stm32f1xx_hal_rcc.o
LOAD ./Drivers/STM32F1xx_HAL_Driver/Src/stm32f1xx_hal_rcc_ex.o
LOAD ./Drivers/STM32F1xx_HAL_Driver/Src/stm32f1xx_hal_tim.o
LOAD ./Drivers/STM32F1xx_HAL_Driver/Src/stm32f1xx_hal_tim_ex.o
LOAD ./Drivers/STM32F1xx_HAL_Driver/Src/stm32f1xx_hal_uart.o
START GROUP
LOAD d:/stm32cubeide_1.8.0/stm32cubeide/plugins/com.st.stm32cube.ide.mcu.externaltools.gnu-tools-for-stm32.9-2020-q2-update.win32_2.0.0.202105311346/tools/bin/../lib/gcc/arm-none-eabi/9.3.1/../../../../arm-none-eabi/lib/thumb/v7-m/nofp\libc_nano.a
LOAD d:/stm32cubeide_1.8.0/stm32cubeide/plugins/com.st.stm32cube.ide.mcu.externaltools.gnu-tools-for-stm32.9-2020-q2-update.win32_2.0.0.202105311346/tools/bin/../lib/gcc/arm-none-eabi/9.3.1/../../../../arm-none-eabi/lib/thumb/v7-m/nofp\libm.a
END GROUP
START GROUP
LOAD d:/stm32cubeide_1.8.0/stm32cubeide/plugins/com.st.stm32cube.ide.mcu.externaltools.gnu-tools-for-stm32.9-2020-q2-update.win32_2.0.0.202105311346/tools/bin/../lib/gcc/arm-none-eabi/9.3.1/thumb/v7-m/nofp\libgcc.a
LOAD d:/stm32cubeide_1.8.0/stm32cubeide/plugins/com.st.stm32cube.ide.mcu.externaltools.gnu-tools-for-stm32.9-2020-q2-update.win32_2.0.0.202105311346/tools/bin/../lib/gcc/arm-none-eabi/9.3.1/../../../../arm-none-eabi/lib/thumb/v7-m/nofp\libc_nano.a
END GROUP
START GROUP
LOAD d:/stm32cubeide_1.8.0/stm32cubeide/plugins/com.st.stm32cube.ide.mcu.externaltools.gnu-tools-for-stm32.9-2020-q2-update.win32_2.0.0.202105311346/tools/bin/../lib/gcc/arm-none-eabi/9.3.1/thumb/v7-m/nofp\libgcc.a
LOAD d:/stm32cubeide_1.8.0/stm32cubeide/plugins/com.st.stm32cube.ide.mcu.externaltools.gnu-tools-for-stm32.9-2020-q2-update.win32_2.0.0.202105311346/tools/bin/../lib/gcc/arm-none-eabi/9.3.1/../../../../arm-none-eabi/lib/thumb/v7-m/nofp\libc_nano.a
LOAD d:/stm32cubeide_1.8.0/stm32cubeide/plugins/com.st.stm32cube.ide.mcu.externaltools.gnu-tools-for-stm32.9-2020-q2-update.win32_2.0.0.202105311346/tools/bin/../lib/gcc/arm-none-eabi/9.3.1/../../../../arm-none-eabi/lib/thumb/v7-m/nofp\libnosys.a
END GROUP
START GROUP
LOAD d:/stm32cubeide_1.8.0/stm32cubeide/plugins/com.st.stm32cube.ide.mcu.externaltools.gnu-tools-for-stm32.9-2020-q2-update.win32_2.0.0.202105311346/tools/bin/../lib/gcc/arm-none-eabi/9.3.1/thumb/v7-m/nofp\libgcc.a
LOAD d:/stm32cubeide_1.8.0/stm32cubeide/plugins/com.st.stm32cube.ide.mcu.externaltools.gnu-tools-for-stm32.9-2020-q2-update.win32_2.0.0.202105311346/tools/bin/../lib/gcc/arm-none-eabi/9.3.1/../../../../arm-none-eabi/lib/thumb/v7-m/nofp\libc_nano.a
LOAD d:/stm32cubeide_1.8.0/stm32cubeide/plugins/com.st.stm32cube.ide.mcu.externaltools.gnu-tools-for-stm32.9-2020-q2-update.win32_2.0.0.202105311346/tools/bin/../lib/gcc/arm-none-eabi/9.3.1/../../../../arm-none-eabi/lib/thumb/v7-m/nofp\libnosys.a
END GROUP
LOAD d:/stm32cubeide_1.8.0/stm32cubeide/plugins/com.st.stm32cube.ide.mcu.externaltools.gnu-tools-for-stm32.9-2020-q2-update.win32_2.0.0.202105311346/tools/bin/../lib/gcc/arm-none-eabi/9.3.1/thumb/v7-m/nofp/crtend.o
LOAD d:/stm32cubeide_1.8.0/stm32cubeide/plugins/com.st.stm32cube.ide.mcu.externaltools.gnu-tools-for-stm32.9-2020-q2-update.win32_2.0.0.202105311346/tools/bin/../lib/gcc/arm-none-eabi/9.3.1/thumb/v7-m/nofp/crtn.o
                0x0000000020005000                _estack = (ORIGIN (RAM) + LENGTH (RAM))
                0x0000000000000200                _Min_Heap_Size = 0x200
                0x0000000000000400                _Min_Stack_Size = 0x400

.isr_vector     0x0000000008000000      0x10c
                0x0000000008000000                . = ALIGN (0x4)
 *(.isr_vector)
 .isr_vector    0x0000000008000000      0x10c ./Core/Startup/startup_stm32f103rbtx.o
                0x0000000008000000                g_pfnVectors
                0x000000000800010c                . = ALIGN (0x4)

.text           0x0000000008000110     0x4efc
                0x0000000008000110                . = ALIGN (0x4)
 *(.text)
 .text          0x0000000008000110       0x40 d:/stm32cubeide_1.8.0/stm32cubeide/plugins/com.st.stm32cube.ide.mcu.externaltools.gnu-tools-for-stm32.9-2020-q2-update.win32_2.0.0.202105311346/tools/bin/../lib/gcc/arm-none-eabi/9.3.1/thumb/v7-m/nofp/crtbegin.o
 .text          0x0000000008000150       0x14 d:/stm32cubeide_1.8.0/stm32cubeide/plugins/com.st.stm32cube.ide.mcu.externaltools.gnu-tools-for-stm32.9-2020-q2-update.win32_2.0.0.202105311346/tools/bin/../lib/gcc/arm-none-eabi/9.3.1/../../../../arm-none-eabi/lib/thumb/v7-m/nofp\libc_nano.a(lib_a-strcmp.o)
                0x0000000008000150                strcmp
 .text          0x0000000008000164       0x10 d:/stm32cubeide_1.8.0/stm32cubeide/plugins/com.st.stm32cube.ide.mcu.externaltools.gnu-tools-for-stm32.9-2020-q2-update.win32_2.0.0.202105311346/tools/bin/../lib/gcc/arm-none-eabi/9.3.1/../../../../arm-none-eabi/lib/thumb/v7-m/nofp\libc_nano.a(lib_a-strlen.o)
                0x0000000008000164                strlen
 .text          0x0000000008000174      0x378 d:/stm32cubeide_1.8.0/stm32cubeide/plugins/com.st.stm32cube.ide.mcu.externaltools.gnu-tools-for-stm32.9-2020-q2-update.win32_2.0.0.202105311346/tools/bin/../lib/gcc/arm-none-eabi/9.3.1/thumb/v7-m/nofp\libgcc.a(_arm_addsubdf3.o)
                0x0000000008000174                __aeabi_drsub
                0x000000000800017c                __aeabi_dsub
                0x000000000800017c                __subdf3
                0x0000000008000180                __aeabi_dadd
                0x0000000008000180                __adddf3
                0x00000000080003f8                __floatunsidf
                0x00000000080003f8                __aeabi_ui2d
                0x0000000008000418                __floatsidf
                0x0000000008000418                __aeabi_i2d
                0x000000000800043c                __aeabi_f2d
                0x000000000800043c                __extendsfdf2
                0x0000000008000480                __floatundidf
                0x0000000008000480                __aeabi_ul2d
                0x0000000008000490                __floatdidf
                0x0000000008000490                __aeabi_l2d
 .text          0x00000000080004ec      0x424 d:/stm32cubeide_1.8.0/stm32cubeide/plugins/com.st.stm32cube.ide.mcu.externaltools.gnu-tools-for-stm32.9-2020-q2-update.win32_2.0.0.202105311346/tools/bin/../lib/gcc/arm-none-eabi/9.3.1/thumb/v7-m/nofp\libgcc.a(_arm_muldivdf3.o)
                0x00000000080004ec                __aeabi_dmul
                0x00000000080004ec                __muldf3
                0x0000000008000740                __divdf3
                0x0000000008000740                __aeabi_ddiv
 .text          0x0000000008000910      0x110 d:/stm32cubeide_1.8.0/stm32cubeide/plugins/com.st.stm32cube.ide.mcu.externaltools.gnu-tools-for-stm32.9-2020-q2-update.win32_2.0.0.202105311346/tools/bin/../lib/gcc/arm-none-eabi/9.3.1/thumb/v7-m/nofp\libgcc.a(_arm_cmpdf2.o)
                0x0000000008000910                __gtdf2
                0x0000000008000910                __gedf2
                0x0000000008000918                __ltdf2
                0x0000000008000918                __ledf2
                0x0000000008000920                __nedf2
                0x0000000008000920                __eqdf2
                0x0000000008000920                __cmpdf2
                0x000000000800099c                __aeabi_cdrcmple
                0x00000000080009ac                __aeabi_cdcmpeq
                0x00000000080009ac                __aeabi_cdcmple
                0x00000000080009bc                __aeabi_dcmpeq
                0x00000000080009d0                __aeabi_dcmplt
                0x00000000080009e4                __aeabi_dcmple
                0x00000000080009f8                __aeabi_dcmpge
                0x0000000008000a0c                __aeabi_dcmpgt
 .text          0x0000000008000a20       0x2c d:/stm32cubeide_1.8.0/stm32cubeide/plugins/com.st.stm32cube.ide.mcu.externaltools.gnu-tools-for-stm32.9-2020-q2-update.win32_2.0.0.202105311346/tools/bin/../lib/gcc/arm-none-eabi/9.3.1/thumb/v7-m/nofp\libgcc.a(_arm_unorddf2.o)
                0x0000000008000a20                __unorddf2
                0x0000000008000a20                __aeabi_dcmpun
 *(.text*)
 .text.send     0x0000000008000a4c       0xf4 ./Core/Src/main.o
                0x0000000008000a4c                send
 .text.HAL_UART_TxCpltCallback
                0x0000000008000b40       0x78 ./Core/Src/main.o
                0x0000000008000b40                HAL_UART_TxCpltCallback
 .text.HAL_UART_RxCpltCallback
                0x0000000008000bb8       0x58 ./Core/Src/main.o
                0x0000000008000bb8                HAL_UART_RxCpltCallback
 .text.HAL_ADC_ConvHalfCpltCallback
                0x0000000008000c10       0x28 ./Core/Src/main.o
                0x0000000008000c10                HAL_ADC_ConvHalfCpltCallback
 .text.HAL_ADC_ConvCpltCallback
                0x0000000008000c38       0x28 ./Core/Src/main.o
                0x0000000008000c38                HAL_ADC_ConvCpltCallback
 .text.analizaKomendy
                0x0000000008000c60       0xf4 ./Core/Src/main.o
                0x0000000008000c60                analizaKomendy
 .text.dekoduj  0x0000000008000d54       0x9c ./Core/Src/main.o
                0x0000000008000d54                dekoduj
 .text.errorSumaKontrolna
                0x0000000008000df0       0x3c ./Core/Src/main.o
                0x0000000008000df0                errorSumaKontrolna
 .text.errorKomenda
                0x0000000008000e2c       0x3c ./Core/Src/main.o
                0x0000000008000e2c                errorKomenda
 .text.errorKodowanie
                0x0000000008000e68       0x3c ./Core/Src/main.o
                0x0000000008000e68                errorKodowanie
 .text.start    0x0000000008000ea4       0x3c ./Core/Src/main.o
                0x0000000008000ea4                start
 .text.wyslijPstrykJeden
                0x0000000008000ee0       0x3c ./Core/Src/main.o
                0x0000000008000ee0                wyslijPstrykJeden
 .text.wyslijPstrykDwa
                0x0000000008000f1c       0x3c ./Core/Src/main.o
                0x0000000008000f1c                wyslijPstrykDwa
 .text.odebranoRamke
                0x0000000008000f58       0x3c ./Core/Src/main.o
                0x0000000008000f58                odebranoRamke
 .text.wyslijTrybPracyJeden
                0x0000000008000f94       0x3c ./Core/Src/main.o
                0x0000000008000f94                wyslijTrybPracyJeden
 .text.wyslijTrybPracyDwa
                0x0000000008000fd0       0x3c ./Core/Src/main.o
                0x0000000008000fd0                wyslijTrybPracyDwa
 .text.wyslijGranica
                0x000000000800100c       0xbc ./Core/Src/main.o
                0x000000000800100c                wyslijGranica
 .text.analyseData
                0x00000000080010c8       0x64 ./Core/Src/main.o
                0x00000000080010c8                analyseData
 .text.analyseStart
                0x000000000800112c      0x104 ./Core/Src/main.o
                0x000000000800112c                analyseStart
 .text.wystepujeKorelacja
                0x0000000008001230       0x58 ./Core/Src/main.o
                0x0000000008001230                wystepujeKorelacja
 .text.korelacjaWzajemna
                0x0000000008001288      0x2c4 ./Core/Src/main.o
                0x0000000008001288                korelacjaWzajemna
 .text.main     0x000000000800154c      0x308 ./Core/Src/main.o
                0x000000000800154c                main
 .text.SystemClock_Config
                0x0000000008001854       0xb0 ./Core/Src/main.o
                0x0000000008001854                SystemClock_Config
 .text.MX_ADC1_Init
                0x0000000008001904       0x7c ./Core/Src/main.o
 .text.MX_USART2_UART_Init
                0x0000000008001980       0x54 ./Core/Src/main.o
 .text.MX_DMA_Init
                0x00000000080019d4       0x3c ./Core/Src/main.o
 .text.MX_GPIO_Init
                0x0000000008001a10       0xdc ./Core/Src/main.o
 .text.Error_Handler
                0x0000000008001aec        0xa ./Core/Src/main.o
                0x0000000008001aec                Error_Handler
 *fill*         0x0000000008001af6        0x2 
 .text.HAL_MspInit
                0x0000000008001af8       0x64 ./Core/Src/stm32f1xx_hal_msp.o
                0x0000000008001af8                HAL_MspInit
 .text.HAL_ADC_MspInit
                0x0000000008001b5c       0xd0 ./Core/Src/stm32f1xx_hal_msp.o
                0x0000000008001b5c                HAL_ADC_MspInit
 .text.HAL_UART_MspInit
                0x0000000008001c2c       0x8c ./Core/Src/stm32f1xx_hal_msp.o
                0x0000000008001c2c                HAL_UART_MspInit
 .text.NMI_Handler
                0x0000000008001cb8        0x6 ./Core/Src/stm32f1xx_it.o
                0x0000000008001cb8                NMI_Handler
 .text.HardFault_Handler
                0x0000000008001cbe        0x6 ./Core/Src/stm32f1xx_it.o
                0x0000000008001cbe                HardFault_Handler
 .text.MemManage_Handler
                0x0000000008001cc4        0x6 ./Core/Src/stm32f1xx_it.o
                0x0000000008001cc4                MemManage_Handler
 .text.BusFault_Handler
                0x0000000008001cca        0x6 ./Core/Src/stm32f1xx_it.o
                0x0000000008001cca                BusFault_Handler
 .text.UsageFault_Handler
                0x0000000008001cd0        0x6 ./Core/Src/stm32f1xx_it.o
                0x0000000008001cd0                UsageFault_Handler
 .text.SVC_Handler
                0x0000000008001cd6        0xc ./Core/Src/stm32f1xx_it.o
                0x0000000008001cd6                SVC_Handler
 .text.DebugMon_Handler
                0x0000000008001ce2        0xc ./Core/Src/stm32f1xx_it.o
                0x0000000008001ce2                DebugMon_Handler
 .text.PendSV_Handler
                0x0000000008001cee        0xc ./Core/Src/stm32f1xx_it.o
                0x0000000008001cee                PendSV_Handler
 .text.SysTick_Handler
                0x0000000008001cfa        0xc ./Core/Src/stm32f1xx_it.o
                0x0000000008001cfa                SysTick_Handler
 *fill*         0x0000000008001d06        0x2 
 .text.DMA1_Channel1_IRQHandler
                0x0000000008001d08       0x14 ./Core/Src/stm32f1xx_it.o
                0x0000000008001d08                DMA1_Channel1_IRQHandler
 .text.USART2_IRQHandler
                0x0000000008001d1c       0x14 ./Core/Src/stm32f1xx_it.o
                0x0000000008001d1c                USART2_IRQHandler
 .text.EXTI15_10_IRQHandler
                0x0000000008001d30       0x10 ./Core/Src/stm32f1xx_it.o
                0x0000000008001d30                EXTI15_10_IRQHandler
 .text._sbrk    0x0000000008001d40       0x6c ./Core/Src/sysmem.o
                0x0000000008001d40                _sbrk
 .text.SystemInit
                0x0000000008001dac        0xc ./Core/Src/system_stm32f1xx.o
                0x0000000008001dac                SystemInit
 .text.Reset_Handler
                0x0000000008001db8       0x48 ./Core/Startup/startup_stm32f103rbtx.o
                0x0000000008001db8                Reset_Handler
 .text.Default_Handler
                0x0000000008001e00        0x2 ./Core/Startup/startup_stm32f103rbtx.o
                0x0000000008001e00                RTC_Alarm_IRQHandler
                0x0000000008001e00                EXTI2_IRQHandler
                0x0000000008001e00                TIM1_CC_IRQHandler
                0x0000000008001e00                PVD_IRQHandler
                0x0000000008001e00                EXTI3_IRQHandler
                0x0000000008001e00                EXTI0_IRQHandler
                0x0000000008001e00                I2C2_EV_IRQHandler
                0x0000000008001e00                ADC1_2_IRQHandler
                0x0000000008001e00                SPI1_IRQHandler
                0x0000000008001e00                TAMPER_IRQHandler
                0x0000000008001e00                DMA1_Channel4_IRQHandler
                0x0000000008001e00                USART3_IRQHandler
                0x0000000008001e00                RTC_IRQHandler
                0x0000000008001e00                DMA1_Channel7_IRQHandler
                0x0000000008001e00                CAN1_RX1_IRQHandler
                0x0000000008001e00                TIM4_IRQHandler
                0x0000000008001e00                I2C1_EV_IRQHandler
                0x0000000008001e00                DMA1_Channel6_IRQHandler
                0x0000000008001e00                TIM3_IRQHandler
                0x0000000008001e00                RCC_IRQHandler
                0x0000000008001e00                TIM1_TRG_COM_IRQHandler
                0x0000000008001e00                Default_Handler
                0x0000000008001e00                EXTI9_5_IRQHandler
                0x0000000008001e00                SPI2_IRQHandler
                0x0000000008001e00                DMA1_Channel5_IRQHandler
                0x0000000008001e00                EXTI4_IRQHandler
                0x0000000008001e00                USB_LP_CAN1_RX0_IRQHandler
                0x0000000008001e00                USB_HP_CAN1_TX_IRQHandler
                0x0000000008001e00                DMA1_Channel3_IRQHandler
                0x0000000008001e00                TIM1_UP_IRQHandler
                0x0000000008001e00                WWDG_IRQHandler
                0x0000000008001e00                TIM2_IRQHandler
                0x0000000008001e00                TIM1_BRK_IRQHandler
                0x0000000008001e00                EXTI1_IRQHandler
                0x0000000008001e00                I2C2_ER_IRQHandler
                0x0000000008001e00                DMA1_Channel2_IRQHandler
                0x0000000008001e00                CAN1_SCE_IRQHandler
                0x0000000008001e00                FLASH_IRQHandler
                0x0000000008001e00                USART1_IRQHandler
                0x0000000008001e00                I2C1_ER_IRQHandler
                0x0000000008001e00                USBWakeUp_IRQHandler
 *fill*         0x0000000008001e02        0x2 
 .text.HAL_Init
                0x0000000008001e04       0x2c ./Drivers/STM32F1xx_HAL_Driver/Src/stm32f1xx_hal.o
                0x0000000008001e04                HAL_Init
 .text.HAL_InitTick
                0x0000000008001e30       0x60 ./Drivers/STM32F1xx_HAL_Driver/Src/stm32f1xx_hal.o
                0x0000000008001e30                HAL_InitTick
 .text.HAL_IncTick
                0x0000000008001e90       0x24 ./Drivers/STM32F1xx_HAL_Driver/Src/stm32f1xx_hal.o
                0x0000000008001e90                HAL_IncTick
 .text.HAL_GetTick
                0x0000000008001eb4       0x14 ./Drivers/STM32F1xx_HAL_Driver/Src/stm32f1xx_hal.o
                0x0000000008001eb4                HAL_GetTick
 .text.HAL_ADC_Init
                0x0000000008001ec8      0x1b0 ./Drivers/STM32F1xx_HAL_Driver/Src/stm32f1xx_hal_adc.o
                0x0000000008001ec8                HAL_ADC_Init
 .text.HAL_ADC_Start_DMA
                0x0000000008002078      0x1bc ./Drivers/STM32F1xx_HAL_Driver/Src/stm32f1xx_hal_adc.o
                0x0000000008002078                HAL_ADC_Start_DMA
 .text.HAL_ADC_ErrorCallback
                0x0000000008002234       0x12 ./Drivers/STM32F1xx_HAL_Driver/Src/stm32f1xx_hal_adc.o
                0x0000000008002234                HAL_ADC_ErrorCallback
 *fill*         0x0000000008002246        0x2 
 .text.HAL_ADC_ConfigChannel
                0x0000000008002248      0x1f0 ./Drivers/STM32F1xx_HAL_Driver/Src/stm32f1xx_hal_adc.o
                0x0000000008002248                HAL_ADC_ConfigChannel
 .text.ADC_Enable
                0x0000000008002438       0xb4 ./Drivers/STM32F1xx_HAL_Driver/Src/stm32f1xx_hal_adc.o
                0x0000000008002438                ADC_Enable
 .text.ADC_ConversionStop_Disable
                0x00000000080024ec       0x82 ./Drivers/STM32F1xx_HAL_Driver/Src/stm32f1xx_hal_adc.o
                0x00000000080024ec                ADC_ConversionStop_Disable
 .text.ADC_DMAConvCplt
                0x000000000800256e       0x7c ./Drivers/STM32F1xx_HAL_Driver/Src/stm32f1xx_hal_adc.o
                0x000000000800256e                ADC_DMAConvCplt
 .text.ADC_DMAHalfConvCplt
                0x00000000080025ea       0x1c ./Drivers/STM32F1xx_HAL_Driver/Src/stm32f1xx_hal_adc.o
                0x00000000080025ea                ADC_DMAHalfConvCplt
 .text.ADC_DMAError
                0x0000000008002606       0x34 ./Drivers/STM32F1xx_HAL_Driver/Src/stm32f1xx_hal_adc.o
                0x0000000008002606                ADC_DMAError
 *fill*         0x000000000800263a        0x2 
 .text.__NVIC_SetPriorityGrouping
                0x000000000800263c       0x48 ./Drivers/STM32F1xx_HAL_Driver/Src/stm32f1xx_hal_cortex.o
 .text.__NVIC_GetPriorityGrouping
                0x0000000008002684       0x1c ./Drivers/STM32F1xx_HAL_Driver/Src/stm32f1xx_hal_cortex.o
 .text.__NVIC_EnableIRQ
                0x00000000080026a0       0x38 ./Drivers/STM32F1xx_HAL_Driver/Src/stm32f1xx_hal_cortex.o
 .text.__NVIC_SetPriority
                0x00000000080026d8       0x54 ./Drivers/STM32F1xx_HAL_Driver/Src/stm32f1xx_hal_cortex.o
 .text.NVIC_EncodePriority
                0x000000000800272c       0x64 ./Drivers/STM32F1xx_HAL_Driver/Src/stm32f1xx_hal_cortex.o
 .text.SysTick_Config
                0x0000000008002790       0x44 ./Drivers/STM32F1xx_HAL_Driver/Src/stm32f1xx_hal_cortex.o
 .text.HAL_NVIC_SetPriorityGrouping
                0x00000000080027d4       0x16 ./Drivers/STM32F1xx_HAL_Driver/Src/stm32f1xx_hal_cortex.o
                0x00000000080027d4                HAL_NVIC_SetPriorityGrouping
 .text.HAL_NVIC_SetPriority
                0x00000000080027ea       0x38 ./Drivers/STM32F1xx_HAL_Driver/Src/stm32f1xx_hal_cortex.o
                0x00000000080027ea                HAL_NVIC_SetPriority
 .text.HAL_NVIC_EnableIRQ
                0x0000000008002822       0x1c ./Drivers/STM32F1xx_HAL_Driver/Src/stm32f1xx_hal_cortex.o
                0x0000000008002822                HAL_NVIC_EnableIRQ
 .text.HAL_SYSTICK_Config
                0x000000000800283e       0x18 ./Drivers/STM32F1xx_HAL_Driver/Src/stm32f1xx_hal_cortex.o
                0x000000000800283e                HAL_SYSTICK_Config
 *fill*         0x0000000008002856        0x2 
 .text.HAL_DMA_Init
                0x0000000008002858       0xb4 ./Drivers/STM32F1xx_HAL_Driver/Src/stm32f1xx_hal_dma.o
                0x0000000008002858                HAL_DMA_Init
 .text.HAL_DMA_Start_IT
                0x000000000800290c       0xbe ./Drivers/STM32F1xx_HAL_Driver/Src/stm32f1xx_hal_dma.o
                0x000000000800290c                HAL_DMA_Start_IT
 .text.HAL_DMA_Abort
                0x00000000080029ca       0x74 ./Drivers/STM32F1xx_HAL_Driver/Src/stm32f1xx_hal_dma.o
                0x00000000080029ca                HAL_DMA_Abort
 *fill*         0x0000000008002a3e        0x2 
 .text.HAL_DMA_Abort_IT
                0x0000000008002a40       0xec ./Drivers/STM32F1xx_HAL_Driver/Src/stm32f1xx_hal_dma.o
                0x0000000008002a40                HAL_DMA_Abort_IT
 .text.HAL_DMA_IRQHandler
                0x0000000008002b2c      0x20c ./Drivers/STM32F1xx_HAL_Driver/Src/stm32f1xx_hal_dma.o
                0x0000000008002b2c                HAL_DMA_IRQHandler
 .text.DMA_SetConfig
                0x0000000008002d38       0x5a ./Drivers/STM32F1xx_HAL_Driver/Src/stm32f1xx_hal_dma.o
 *fill*         0x0000000008002d92        0x2 
 .text.HAL_GPIO_Init
                0x0000000008002d94      0x308 ./Drivers/STM32F1xx_HAL_Driver/Src/stm32f1xx_hal_gpio.o
                0x0000000008002d94                HAL_GPIO_Init
 .text.HAL_GPIO_WritePin
                0x000000000800309c       0x30 ./Drivers/STM32F1xx_HAL_Driver/Src/stm32f1xx_hal_gpio.o
                0x000000000800309c                HAL_GPIO_WritePin
 .text.HAL_GPIO_EXTI_IRQHandler
                0x00000000080030cc       0x30 ./Drivers/STM32F1xx_HAL_Driver/Src/stm32f1xx_hal_gpio.o
                0x00000000080030cc                HAL_GPIO_EXTI_IRQHandler
 .text.HAL_GPIO_EXTI_Callback
                0x00000000080030fc       0x14 ./Drivers/STM32F1xx_HAL_Driver/Src/stm32f1xx_hal_gpio.o
                0x00000000080030fc                HAL_GPIO_EXTI_Callback
 .text.HAL_RCC_OscConfig
                0x0000000008003110      0x500 ./Drivers/STM32F1xx_HAL_Driver/Src/stm32f1xx_hal_rcc.o
                0x0000000008003110                HAL_RCC_OscConfig
 .text.HAL_RCC_ClockConfig
                0x0000000008003610      0x1d4 ./Drivers/STM32F1xx_HAL_Driver/Src/stm32f1xx_hal_rcc.o
                0x0000000008003610                HAL_RCC_ClockConfig
 .text.HAL_RCC_GetSysClockFreq
                0x00000000080037e4       0xc0 ./Drivers/STM32F1xx_HAL_Driver/Src/stm32f1xx_hal_rcc.o
                0x00000000080037e4                HAL_RCC_GetSysClockFreq
 .text.HAL_RCC_GetHCLKFreq
                0x00000000080038a4       0x14 ./Drivers/STM32F1xx_HAL_Driver/Src/stm32f1xx_hal_rcc.o
                0x00000000080038a4                HAL_RCC_GetHCLKFreq
 .text.HAL_RCC_GetPCLK1Freq
                0x00000000080038b8       0x28 ./Drivers/STM32F1xx_HAL_Driver/Src/stm32f1xx_hal_rcc.o
                0x00000000080038b8                HAL_RCC_GetPCLK1Freq
 .text.HAL_RCC_GetPCLK2Freq
                0x00000000080038e0       0x28 ./Drivers/STM32F1xx_HAL_Driver/Src/stm32f1xx_hal_rcc.o
                0x00000000080038e0                HAL_RCC_GetPCLK2Freq
 .text.RCC_Delay
                0x0000000008003908       0x3c ./Drivers/STM32F1xx_HAL_Driver/Src/stm32f1xx_hal_rcc.o
 .text.HAL_RCCEx_PeriphCLKConfig
                0x0000000008003944      0x16c ./Drivers/STM32F1xx_HAL_Driver/Src/stm32f1xx_hal_rcc_ex.o
                0x0000000008003944                HAL_RCCEx_PeriphCLKConfig
 .text.HAL_UART_Init
                0x0000000008003ab0       0x9a ./Drivers/STM32F1xx_HAL_Driver/Src/stm32f1xx_hal_uart.o
                0x0000000008003ab0                HAL_UART_Init
 .text.HAL_UART_Transmit_IT
                0x0000000008003b4a       0x88 ./Drivers/STM32F1xx_HAL_Driver/Src/stm32f1xx_hal_uart.o
                0x0000000008003b4a                HAL_UART_Transmit_IT
 .text.HAL_UART_Receive_IT
                0x0000000008003bd2       0x60 ./Drivers/STM32F1xx_HAL_Driver/Src/stm32f1xx_hal_uart.o
                0x0000000008003bd2                HAL_UART_Receive_IT
 *fill*         0x0000000008003c32        0x2 
 .text.HAL_UART_IRQHandler
                0x0000000008003c34      0x354 ./Drivers/STM32F1xx_HAL_Driver/Src/stm32f1xx_hal_uart.o
                0x0000000008003c34                HAL_UART_IRQHandler
 .text.HAL_UART_ErrorCallback
                0x0000000008003f88       0x12 ./Drivers/STM32F1xx_HAL_Driver/Src/stm32f1xx_hal_uart.o
                0x0000000008003f88                HAL_UART_ErrorCallback
 .text.HAL_UARTEx_RxEventCallback
                0x0000000008003f9a       0x16 ./Drivers/STM32F1xx_HAL_Driver/Src/stm32f1xx_hal_uart.o
                0x0000000008003f9a                HAL_UARTEx_RxEventCallback
 .text.UART_Start_Receive_IT
                0x0000000008003fb0       0x72 ./Drivers/STM32F1xx_HAL_Driver/Src/stm32f1xx_hal_uart.o
                0x0000000008003fb0                UART_Start_Receive_IT
 .text.UART_EndRxTransfer
                0x0000000008004022       0x58 ./Drivers/STM32F1xx_HAL_Driver/Src/stm32f1xx_hal_uart.o
 .text.UART_DMAAbortOnError
                0x000000000800407a       0x28 ./Drivers/STM32F1xx_HAL_Driver/Src/stm32f1xx_hal_uart.o
 .text.UART_Transmit_IT
                0x00000000080040a2       0x9e ./Drivers/STM32F1xx_HAL_Driver/Src/stm32f1xx_hal_uart.o
 .text.UART_EndTransmit_IT
                0x0000000008004140       0x30 ./Drivers/STM32F1xx_HAL_Driver/Src/stm32f1xx_hal_uart.o
 .text.UART_Receive_IT
                0x0000000008004170      0x152 ./Drivers/STM32F1xx_HAL_Driver/Src/stm32f1xx_hal_uart.o
 *fill*         0x00000000080042c2        0x2 
 .text.UART_SetConfig
                0x00000000080042c4      0x11c ./Drivers/STM32F1xx_HAL_Driver/Src/stm32f1xx_hal_uart.o
 .text.atoi     0x00000000080043e0        0x8 d:/stm32cubeide_1.8.0/stm32cubeide/plugins/com.st.stm32cube.ide.mcu.externaltools.gnu-tools-for-stm32.9-2020-q2-update.win32_2.0.0.202105311346/tools/bin/../lib/gcc/arm-none-eabi/9.3.1/../../../../arm-none-eabi/lib/thumb/v7-m/nofp\libc_nano.a(lib_a-atoi.o)
                0x00000000080043e0                atoi
 .text.__errno  0x00000000080043e8        0xc d:/stm32cubeide_1.8.0/stm32cubeide/plugins/com.st.stm32cube.ide.mcu.externaltools.gnu-tools-for-stm32.9-2020-q2-update.win32_2.0.0.202105311346/tools/bin/../lib/gcc/arm-none-eabi/9.3.1/../../../../arm-none-eabi/lib/thumb/v7-m/nofp\libc_nano.a(lib_a-errno.o)
                0x00000000080043e8                __errno
 .text.__libc_init_array
                0x00000000080043f4       0x48 d:/stm32cubeide_1.8.0/stm32cubeide/plugins/com.st.stm32cube.ide.mcu.externaltools.gnu-tools-for-stm32.9-2020-q2-update.win32_2.0.0.202105311346/tools/bin/../lib/gcc/arm-none-eabi/9.3.1/../../../../arm-none-eabi/lib/thumb/v7-m/nofp\libc_nano.a(lib_a-init.o)
                0x00000000080043f4                __libc_init_array
 .text.memcpy   0x000000000800443c       0x1c d:/stm32cubeide_1.8.0/stm32cubeide/plugins/com.st.stm32cube.ide.mcu.externaltools.gnu-tools-for-stm32.9-2020-q2-update.win32_2.0.0.202105311346/tools/bin/../lib/gcc/arm-none-eabi/9.3.1/../../../../arm-none-eabi/lib/thumb/v7-m/nofp\libc_nano.a(lib_a-memcpy-stub.o)
                0x000000000800443c                memcpy
 .text.memset   0x0000000008004458       0x10 d:/stm32cubeide_1.8.0/stm32cubeide/plugins/com.st.stm32cube.ide.mcu.externaltools.gnu-tools-for-stm32.9-2020-q2-update.win32_2.0.0.202105311346/tools/bin/../lib/gcc/arm-none-eabi/9.3.1/../../../../arm-none-eabi/lib/thumb/v7-m/nofp\libc_nano.a(lib_a-memset.o)
                0x0000000008004458                memset
 .text.sprintf  0x0000000008004468       0x40 d:/stm32cubeide_1.8.0/stm32cubeide/plugins/com.st.stm32cube.ide.mcu.externaltools.gnu-tools-for-stm32.9-2020-q2-update.win32_2.0.0.202105311346/tools/bin/../lib/gcc/arm-none-eabi/9.3.1/../../../../arm-none-eabi/lib/thumb/v7-m/nofp\libc_nano.a(lib_a-sprintf.o)
                0x0000000008004468                siprintf
                0x0000000008004468                sprintf
 .text.strncmp  0x00000000080044a8       0x24 d:/stm32cubeide_1.8.0/stm32cubeide/plugins/com.st.stm32cube.ide.mcu.externaltools.gnu-tools-for-stm32.9-2020-q2-update.win32_2.0.0.202105311346/tools/bin/../lib/gcc/arm-none-eabi/9.3.1/../../../../arm-none-eabi/lib/thumb/v7-m/nofp\libc_nano.a(lib_a-strncmp.o)
                0x00000000080044a8                strncmp
 .text._strtol_l.isra.0
                0x00000000080044cc      0x10c d:/stm32cubeide_1.8.0/stm32cubeide/plugins/com.st.stm32cube.ide.mcu.externaltools.gnu-tools-for-stm32.9-2020-q2-update.win32_2.0.0.202105311346/tools/bin/../lib/gcc/arm-none-eabi/9.3.1/../../../../arm-none-eabi/lib/thumb/v7-m/nofp\libc_nano.a(lib_a-strtol.o)
 .text.strtol   0x00000000080045d8       0x14 d:/stm32cubeide_1.8.0/stm32cubeide/plugins/com.st.stm32cube.ide.mcu.externaltools.gnu-tools-for-stm32.9-2020-q2-update.win32_2.0.0.202105311346/tools/bin/../lib/gcc/arm-none-eabi/9.3.1/../../../../arm-none-eabi/lib/thumb/v7-m/nofp\libc_nano.a(lib_a-strtol.o)
                0x00000000080045d8                strtol
 .text._vsprintf_r
                0x00000000080045ec       0x2c d:/stm32cubeide_1.8.0/stm32cubeide/plugins/com.st.stm32cube.ide.mcu.externaltools.gnu-tools-for-stm32.9-2020-q2-update.win32_2.0.0.202105311346/tools/bin/../lib/gcc/arm-none-eabi/9.3.1/../../../../arm-none-eabi/lib/thumb/v7-m/nofp\libc_nano.a(lib_a-vsprintf.o)
                0x00000000080045ec                _vsprintf_r
                0x00000000080045ec                _vsiprintf_r
 .text.vsprintf
                0x0000000008004618       0x14 d:/stm32cubeide_1.8.0/stm32cubeide/plugins/com.st.stm32cube.ide.mcu.externaltools.gnu-tools-for-stm32.9-2020-q2-update.win32_2.0.0.202105311346/tools/bin/../lib/gcc/arm-none-eabi/9.3.1/../../../../arm-none-eabi/lib/thumb/v7-m/nofp\libc_nano.a(lib_a-vsprintf.o)
                0x0000000008004618                vsiprintf
                0x0000000008004618                vsprintf
 .text.__ssputs_r
                0x000000000800462c       0xb6 d:/stm32cubeide_1.8.0/stm32cubeide/plugins/com.st.stm32cube.ide.mcu.externaltools.gnu-tools-for-stm32.9-2020-q2-update.win32_2.0.0.202105311346/tools/bin/../lib/gcc/arm-none-eabi/9.3.1/../../../../arm-none-eabi/lib/thumb/v7-m/nofp\libc_nano.a(lib_a-nano-svfprintf.o)
                0x000000000800462c                __ssputs_r
 *fill*         0x00000000080046e2        0x2 
 .text._svfprintf_r
                0x00000000080046e4      0x200 d:/stm32cubeide_1.8.0/stm32cubeide/plugins/com.st.stm32cube.ide.mcu.externaltools.gnu-tools-for-stm32.9-2020-q2-update.win32_2.0.0.202105311346/tools/bin/../lib/gcc/arm-none-eabi/9.3.1/../../../../arm-none-eabi/lib/thumb/v7-m/nofp\libc_nano.a(lib_a-nano-svfprintf.o)
                0x00000000080046e4                _svfiprintf_r
                0x00000000080046e4                _svfprintf_r
 .text._printf_common
                0x00000000080048e4       0xde d:/stm32cubeide_1.8.0/stm32cubeide/plugins/com.st.stm32cube.ide.mcu.externaltools.gnu-tools-for-stm32.9-2020-q2-update.win32_2.0.0.202105311346/tools/bin/../lib/gcc/arm-none-eabi/9.3.1/../../../../arm-none-eabi/lib/thumb/v7-m/nofp\libc_nano.a(lib_a-nano-vfprintf_i.o)
                0x00000000080048e4                _printf_common
 *fill*         0x00000000080049c2        0x2 
 .text._printf_i
                0x00000000080049c4      0x24c d:/stm32cubeide_1.8.0/stm32cubeide/plugins/com.st.stm32cube.ide.mcu.externaltools.gnu-tools-for-stm32.9-2020-q2-update.win32_2.0.0.202105311346/tools/bin/../lib/gcc/arm-none-eabi/9.3.1/../../../../arm-none-eabi/lib/thumb/v7-m/nofp\libc_nano.a(lib_a-nano-vfprintf_i.o)
                0x00000000080049c4                _printf_i
 .text.memchr   0x0000000008004c10       0x1c d:/stm32cubeide_1.8.0/stm32cubeide/plugins/com.st.stm32cube.ide.mcu.externaltools.gnu-tools-for-stm32.9-2020-q2-update.win32_2.0.0.202105311346/tools/bin/../lib/gcc/arm-none-eabi/9.3.1/../../../../arm-none-eabi/lib/thumb/v7-m/nofp\libc_nano.a(lib_a-memchr-stub.o)
                0x0000000008004c10                memchr
 .text.memmove  0x0000000008004c2c       0x34 d:/stm32cubeide_1.8.0/stm32cubeide/plugins/com.st.stm32cube.ide.mcu.externaltools.gnu-tools-for-stm32.9-2020-q2-update.win32_2.0.0.202105311346/tools/bin/../lib/gcc/arm-none-eabi/9.3.1/../../../../arm-none-eabi/lib/thumb/v7-m/nofp\libc_nano.a(lib_a-memmove.o)
                0x0000000008004c2c                memmove
 .text._free_r  0x0000000008004c60       0x98 d:/stm32cubeide_1.8.0/stm32cubeide/plugins/com.st.stm32cube.ide.mcu.externaltools.gnu-tools-for-stm32.9-2020-q2-update.win32_2.0.0.202105311346/tools/bin/../lib/gcc/arm-none-eabi/9.3.1/../../../../arm-none-eabi/lib/thumb/v7-m/nofp\libc_nano.a(lib_a-nano-freer.o)
                0x0000000008004c60                _free_r
 .text._malloc_r
                0x0000000008004cf8       0xb4 d:/stm32cubeide_1.8.0/stm32cubeide/plugins/com.st.stm32cube.ide.mcu.externaltools.gnu-tools-for-stm32.9-2020-q2-update.win32_2.0.0.202105311346/tools/bin/../lib/gcc/arm-none-eabi/9.3.1/../../../../arm-none-eabi/lib/thumb/v7-m/nofp\libc_nano.a(lib_a-nano-mallocr.o)
                0x0000000008004cf8                _malloc_r
 .text._realloc_r
                0x0000000008004dac       0x4c d:/stm32cubeide_1.8.0/stm32cubeide/plugins/com.st.stm32cube.ide.mcu.externaltools.gnu-tools-for-stm32.9-2020-q2-update.win32_2.0.0.202105311346/tools/bin/../lib/gcc/arm-none-eabi/9.3.1/../../../../arm-none-eabi/lib/thumb/v7-m/nofp\libc_nano.a(lib_a-nano-reallocr.o)
                0x0000000008004dac                _realloc_r
 .text._sbrk_r  0x0000000008004df8       0x20 d:/stm32cubeide_1.8.0/stm32cubeide/plugins/com.st.stm32cube.ide.mcu.externaltools.gnu-tools-for-stm32.9-2020-q2-update.win32_2.0.0.202105311346/tools/bin/../lib/gcc/arm-none-eabi/9.3.1/../../../../arm-none-eabi/lib/thumb/v7-m/nofp\libc_nano.a(lib_a-sbrkr.o)
                0x0000000008004df8                _sbrk_r
 .text.__malloc_lock
                0x0000000008004e18        0xc d:/stm32cubeide_1.8.0/stm32cubeide/plugins/com.st.stm32cube.ide.mcu.externaltools.gnu-tools-for-stm32.9-2020-q2-update.win32_2.0.0.202105311346/tools/bin/../lib/gcc/arm-none-eabi/9.3.1/../../../../arm-none-eabi/lib/thumb/v7-m/nofp\libc_nano.a(lib_a-mlock.o)
                0x0000000008004e18                __malloc_lock
 .text.__malloc_unlock
                0x0000000008004e24        0xc d:/stm32cubeide_1.8.0/stm32cubeide/plugins/com.st.stm32cube.ide.mcu.externaltools.gnu-tools-for-stm32.9-2020-q2-update.win32_2.0.0.202105311346/tools/bin/../lib/gcc/arm-none-eabi/9.3.1/../../../../arm-none-eabi/lib/thumb/v7-m/nofp\libc_nano.a(lib_a-mlock.o)
                0x0000000008004e24                __malloc_unlock
 .text._malloc_usable_size_r
                0x0000000008004e30       0x10 d:/stm32cubeide_1.8.0/stm32cubeide/plugins/com.st.stm32cube.ide.mcu.externaltools.gnu-tools-for-stm32.9-2020-q2-update.win32_2.0.0.202105311346/tools/bin/../lib/gcc/arm-none-eabi/9.3.1/../../../../arm-none-eabi/lib/thumb/v7-m/nofp\libc_nano.a(lib_a-nano-msizer.o)
                0x0000000008004e30                _malloc_usable_size_r
 .text.__retarget_lock_acquire_recursive
                0x0000000008004e40        0x2 d:/stm32cubeide_1.8.0/stm32cubeide/plugins/com.st.stm32cube.ide.mcu.externaltools.gnu-tools-for-stm32.9-2020-q2-update.win32_2.0.0.202105311346/tools/bin/../lib/gcc/arm-none-eabi/9.3.1/../../../../arm-none-eabi/lib/thumb/v7-m/nofp\libc_nano.a(lib_a-lock.o)
                0x0000000008004e40                __retarget_lock_acquire_recursive
 .text.__retarget_lock_release_recursive
                0x0000000008004e42        0x2 d:/stm32cubeide_1.8.0/stm32cubeide/plugins/com.st.stm32cube.ide.mcu.externaltools.gnu-tools-for-stm32.9-2020-q2-update.win32_2.0.0.202105311346/tools/bin/../lib/gcc/arm-none-eabi/9.3.1/../../../../arm-none-eabi/lib/thumb/v7-m/nofp\libc_nano.a(lib_a-lock.o)
                0x0000000008004e42                __retarget_lock_release_recursive
 .text.sqrt     0x0000000008004e44       0x58 d:/stm32cubeide_1.8.0/stm32cubeide/plugins/com.st.stm32cube.ide.mcu.externaltools.gnu-tools-for-stm32.9-2020-q2-update.win32_2.0.0.202105311346/tools/bin/../lib/gcc/arm-none-eabi/9.3.1/../../../../arm-none-eabi/lib/thumb/v7-m/nofp\libm.a(lib_a-w_sqrt.o)
                0x0000000008004e44                sqrt
 .text.__ieee754_sqrt
                0x0000000008004e9c      0x158 d:/stm32cubeide_1.8.0/stm32cubeide/plugins/com.st.stm32cube.ide.mcu.externaltools.gnu-tools-for-stm32.9-2020-q2-update.win32_2.0.0.202105311346/tools/bin/../lib/gcc/arm-none-eabi/9.3.1/../../../../arm-none-eabi/lib/thumb/v7-m/nofp\libm.a(lib_a-e_sqrt.o)
                0x0000000008004e9c                __ieee754_sqrt
 *(.glue_7)
 .glue_7        0x0000000008004ff4        0x0 linker stubs
 *(.glue_7t)
 .glue_7t       0x0000000008004ff4        0x0 linker stubs
 *(.eh_frame)
 .eh_frame      0x0000000008004ff4        0x0 d:/stm32cubeide_1.8.0/stm32cubeide/plugins/com.st.stm32cube.ide.mcu.externaltools.gnu-tools-for-stm32.9-2020-q2-update.win32_2.0.0.202105311346/tools/bin/../lib/gcc/arm-none-eabi/9.3.1/thumb/v7-m/nofp/crtbegin.o
 *(.init)
 .init          0x0000000008004ff4        0x4 d:/stm32cubeide_1.8.0/stm32cubeide/plugins/com.st.stm32cube.ide.mcu.externaltools.gnu-tools-for-stm32.9-2020-q2-update.win32_2.0.0.202105311346/tools/bin/../lib/gcc/arm-none-eabi/9.3.1/thumb/v7-m/nofp/crti.o
                0x0000000008004ff4                _init
 .init          0x0000000008004ff8        0x8 d:/stm32cubeide_1.8.0/stm32cubeide/plugins/com.st.stm32cube.ide.mcu.externaltools.gnu-tools-for-stm32.9-2020-q2-update.win32_2.0.0.202105311346/tools/bin/../lib/gcc/arm-none-eabi/9.3.1/thumb/v7-m/nofp/crtn.o
 *(.fini)
 .fini          0x0000000008005000        0x4 d:/stm32cubeide_1.8.0/stm32cubeide/plugins/com.st.stm32cube.ide.mcu.externaltools.gnu-tools-for-stm32.9-2020-q2-update.win32_2.0.0.202105311346/tools/bin/../lib/gcc/arm-none-eabi/9.3.1/thumb/v7-m/nofp/crti.o
                0x0000000008005000                _fini
 .fini          0x0000000008005004        0x8 d:/stm32cubeide_1.8.0/stm32cubeide/plugins/com.st.stm32cube.ide.mcu.externaltools.gnu-tools-for-stm32.9-2020-q2-update.win32_2.0.0.202105311346/tools/bin/../lib/gcc/arm-none-eabi/9.3.1/thumb/v7-m/nofp/crtn.o
                0x000000000800500c                . = ALIGN (0x4)
                0x000000000800500c                _etext = .

.vfp11_veneer   0x000000000800500c        0x0
 .vfp11_veneer  0x000000000800500c        0x0 linker stubs

.v4_bx          0x000000000800500c        0x0
 .v4_bx         0x000000000800500c        0x0 linker stubs

.iplt           0x000000000800500c        0x0
 .iplt          0x000000000800500c        0x0 d:/stm32cubeide_1.8.0/stm32cubeide/plugins/com.st.stm32cube.ide.mcu.externaltools.gnu-tools-for-stm32.9-2020-q2-update.win32_2.0.0.202105311346/tools/bin/../lib/gcc/arm-none-eabi/9.3.1/thumb/v7-m/nofp/crtbegin.o

.rodata         0x000000000800500c      0x28c
                0x000000000800500c                . = ALIGN (0x4)
 *(.rodata)
 .rodata        0x000000000800500c      0x130 ./Core/Src/main.o
 .rodata        0x000000000800513c       0x10 ./Drivers/STM32F1xx_HAL_Driver/Src/stm32f1xx_hal_rcc.o
 *(.rodata*)
 .rodata.AHBPrescTable
                0x000000000800514c       0x10 ./Core/Src/system_stm32f1xx.o
                0x000000000800514c                AHBPrescTable
 .rodata.APBPrescTable
                0x000000000800515c        0x8 ./Core/Src/system_stm32f1xx.o
                0x000000000800515c                APBPrescTable
 .rodata._ctype_
                0x0000000008005164      0x101 d:/stm32cubeide_1.8.0/stm32cubeide/plugins/com.st.stm32cube.ide.mcu.externaltools.gnu-tools-for-stm32.9-2020-q2-update.win32_2.0.0.202105311346/tools/bin/../lib/gcc/arm-none-eabi/9.3.1/../../../../arm-none-eabi/lib/thumb/v7-m/nofp\libc_nano.a(lib_a-ctype_.o)
                0x0000000008005164                _ctype_
 .rodata._svfprintf_r.str1.1
                0x0000000008005265       0x11 d:/stm32cubeide_1.8.0/stm32cubeide/plugins/com.st.stm32cube.ide.mcu.externaltools.gnu-tools-for-stm32.9-2020-q2-update.win32_2.0.0.202105311346/tools/bin/../lib/gcc/arm-none-eabi/9.3.1/../../../../arm-none-eabi/lib/thumb/v7-m/nofp\libc_nano.a(lib_a-nano-svfprintf.o)
 .rodata._printf_i.str1.1
                0x0000000008005276       0x22 d:/stm32cubeide_1.8.0/stm32cubeide/plugins/com.st.stm32cube.ide.mcu.externaltools.gnu-tools-for-stm32.9-2020-q2-update.win32_2.0.0.202105311346/tools/bin/../lib/gcc/arm-none-eabi/9.3.1/../../../../arm-none-eabi/lib/thumb/v7-m/nofp\libc_nano.a(lib_a-nano-vfprintf_i.o)
                0x0000000008005298                . = ALIGN (0x4)

.rel.dyn        0x0000000008005298        0x0
 .rel.iplt      0x0000000008005298        0x0 d:/stm32cubeide_1.8.0/stm32cubeide/plugins/com.st.stm32cube.ide.mcu.externaltools.gnu-tools-for-stm32.9-2020-q2-update.win32_2.0.0.202105311346/tools/bin/../lib/gcc/arm-none-eabi/9.3.1/thumb/v7-m/nofp/crtbegin.o

.ARM.extab      0x0000000008005298        0x0
                0x0000000008005298                . = ALIGN (0x4)
 *(.ARM.extab* .gnu.linkonce.armextab.*)
                0x0000000008005298                . = ALIGN (0x4)

.ARM            0x0000000008005298        0x0
                0x0000000008005298                . = ALIGN (0x4)
                0x0000000008005298                __exidx_start = .
 *(.ARM.exidx*)
                0x0000000008005298                __exidx_end = .
                0x0000000008005298                . = ALIGN (0x4)

.preinit_array  0x0000000008005298        0x0
                0x0000000008005298                . = ALIGN (0x4)
                0x0000000008005298                PROVIDE (__preinit_array_start = .)
 *(.preinit_array*)
                0x0000000008005298                PROVIDE (__preinit_array_end = .)
                0x0000000008005298                . = ALIGN (0x4)

.init_array     0x0000000008005298        0x4
                0x0000000008005298                . = ALIGN (0x4)
                0x0000000008005298                PROVIDE (__init_array_start = .)
 *(SORT_BY_NAME(.init_array.*))
 *(.init_array*)
 .init_array    0x0000000008005298        0x4 d:/stm32cubeide_1.8.0/stm32cubeide/plugins/com.st.stm32cube.ide.mcu.externaltools.gnu-tools-for-stm32.9-2020-q2-update.win32_2.0.0.202105311346/tools/bin/../lib/gcc/arm-none-eabi/9.3.1/thumb/v7-m/nofp/crtbegin.o
                0x000000000800529c                PROVIDE (__init_array_end = .)
                0x000000000800529c                . = ALIGN (0x4)

.fini_array     0x000000000800529c        0x4
                0x000000000800529c                . = ALIGN (0x4)
                [!provide]                        PROVIDE (__fini_array_start = .)
 *(SORT_BY_NAME(.fini_array.*))
 *(.fini_array*)
 .fini_array    0x000000000800529c        0x4 d:/stm32cubeide_1.8.0/stm32cubeide/plugins/com.st.stm32cube.ide.mcu.externaltools.gnu-tools-for-stm32.9-2020-q2-update.win32_2.0.0.202105311346/tools/bin/../lib/gcc/arm-none-eabi/9.3.1/thumb/v7-m/nofp/crtbegin.o
                [!provide]                        PROVIDE (__fini_array_end = .)
                0x00000000080052a0                . = ALIGN (0x4)
                0x00000000080052a0                _sidata = LOADADDR (.data)

.data           0x0000000020000000      0x2dc load address 0x00000000080052a0
                0x0000000020000000                . = ALIGN (0x4)
                0x0000000020000000                _sdata = .
 *(.data)
 *(.data*)
 .data.granica  0x0000000020000000        0x2 ./Core/Src/main.o
                0x0000000020000000                granica
 .data.trybPracy
                0x0000000020000002        0x1 ./Core/Src/main.o
                0x0000000020000002                trybPracy
 *fill*         0x0000000020000003        0x1 
 .data.device_address
                0x0000000020000004        0x3 ./Core/Src/main.o
                0x0000000020000004                device_address
 *fill*         0x0000000020000007        0x1 
 .data.source_address
                0x0000000020000008        0x3 ./Core/Src/main.o
                0x0000000020000008                source_address
 *fill*         0x000000002000000b        0x1 
 .data.sumaNadOdb
                0x000000002000000c        0x4 ./Core/Src/main.o
                0x000000002000000c                sumaNadOdb
 .data.wzor_pstrykniecia
                0x0000000020000010      0x258 ./Core/Src/main.o
                0x0000000020000010                wzor_pstrykniecia
 .data.SystemCoreClock
                0x0000000020000268        0x4 ./Core/Src/system_stm32f1xx.o
                0x0000000020000268                SystemCoreClock
 .data.uwTickPrio
                0x000000002000026c        0x4 ./Drivers/STM32F1xx_HAL_Driver/Src/stm32f1xx_hal.o
                0x000000002000026c                uwTickPrio
 .data.uwTickFreq
                0x0000000020000270        0x1 ./Drivers/STM32F1xx_HAL_Driver/Src/stm32f1xx_hal.o
                0x0000000020000270                uwTickFreq
 *fill*         0x0000000020000271        0x3 
 .data._impure_ptr
                0x0000000020000274        0x4 d:/stm32cubeide_1.8.0/stm32cubeide/plugins/com.st.stm32cube.ide.mcu.externaltools.gnu-tools-for-stm32.9-2020-q2-update.win32_2.0.0.202105311346/tools/bin/../lib/gcc/arm-none-eabi/9.3.1/../../../../arm-none-eabi/lib/thumb/v7-m/nofp\libc_nano.a(lib_a-impure.o)
                0x0000000020000274                _impure_ptr
 .data.impure_data
                0x0000000020000278       0x60 d:/stm32cubeide_1.8.0/stm32cubeide/plugins/com.st.stm32cube.ide.mcu.externaltools.gnu-tools-for-stm32.9-2020-q2-update.win32_2.0.0.202105311346/tools/bin/../lib/gcc/arm-none-eabi/9.3.1/../../../../arm-none-eabi/lib/thumb/v7-m/nofp\libc_nano.a(lib_a-impure.o)
 .data.__fdlib_version
                0x00000000200002d8        0x1 d:/stm32cubeide_1.8.0/stm32cubeide/plugins/com.st.stm32cube.ide.mcu.externaltools.gnu-tools-for-stm32.9-2020-q2-update.win32_2.0.0.202105311346/tools/bin/../lib/gcc/arm-none-eabi/9.3.1/../../../../arm-none-eabi/lib/thumb/v7-m/nofp\libm.a(lib_a-s_lib_ver.o)
                0x00000000200002d8                __fdlib_version
 *(.RamFunc)
 *(.RamFunc*)
                0x00000000200002dc                . = ALIGN (0x4)
 *fill*         0x00000000200002d9        0x3 
                0x00000000200002dc                _edata = .

.igot.plt       0x00000000200002dc        0x0 load address 0x000000000800557c
 .igot.plt      0x00000000200002dc        0x0 d:/stm32cubeide_1.8.0/stm32cubeide/plugins/com.st.stm32cube.ide.mcu.externaltools.gnu-tools-for-stm32.9-2020-q2-update.win32_2.0.0.202105311346/tools/bin/../lib/gcc/arm-none-eabi/9.3.1/thumb/v7-m/nofp/crtbegin.o
                0x00000000200002dc                . = ALIGN (0x4)

.bss            0x00000000200002e0     0x1828 load address 0x000000000800557c
                0x00000000200002e0                _sbss = .
                0x00000000200002e0                __bss_start__ = _sbss
 *(.bss)
 .bss           0x00000000200002e0       0x1c d:/stm32cubeide_1.8.0/stm32cubeide/plugins/com.st.stm32cube.ide.mcu.externaltools.gnu-tools-for-stm32.9-2020-q2-update.win32_2.0.0.202105311346/tools/bin/../lib/gcc/arm-none-eabi/9.3.1/thumb/v7-m/nofp/crtbegin.o
 *(.bss*)
 .bss.EmptyRx   0x00000000200002fc        0x2 ./Core/Src/main.o
                0x00000000200002fc                EmptyRx
 .bss.BusyRx    0x00000000200002fe        0x2 ./Core/Src/main.o
                0x00000000200002fe                BusyRx
 .bss.EmptyTx   0x0000000020000300        0x2 ./Core/Src/main.o
                0x0000000020000300                EmptyTx
 .bss.BusyTx    0x0000000020000302        0x2 ./Core/Src/main.o
                0x0000000020000302                BusyTx
 .bss.dataIndex
                0x0000000020000304        0x2 ./Core/Src/main.o
                0x0000000020000304                dataIndex
 .bss.dataReady
                0x0000000020000306        0x1 ./Core/Src/main.o
                0x0000000020000306                dataReady
 *fill*         0x0000000020000307        0x1 
 .bss.count     0x0000000020000308        0x2 ./Core/Src/main.o
                0x0000000020000308                count
 .bss.stan      0x000000002000030a        0x1 ./Core/Src/main.o
                0x000000002000030a                stan
 *fill*         0x000000002000030b        0x1 
 .bss.dlugoscRamki
                0x000000002000030c        0x2 ./Core/Src/main.o
                0x000000002000030c                dlugoscRamki
 .bss.suma_wyliczona
                0x000000002000030e        0x2 ./Core/Src/main.o
                0x000000002000030e                suma_wyliczona
 .bss.podana_suma_kontrolna
                0x0000000020000310        0x4 ./Core/Src/main.o
                0x0000000020000310                podana_suma_kontrolna
 .bss.przekroczonoGranice
                0x0000000020000314        0x1 ./Core/Src/main.o
                0x0000000020000314                przekroczonoGranice
 .bss.iloscPstryk
                0x0000000020000315        0x1 ./Core/Src/main.o
                0x0000000020000315                iloscPstryk
 *fill*         0x0000000020000316        0x2 
 .bss.korelacja.8006
                0x0000000020000318       0xa0 ./Core/Src/main.o
 .bss.__sbrk_heap_end
                0x00000000200003b8        0x4 ./Core/Src/sysmem.o
 .bss.__malloc_free_list
                0x00000000200003bc        0x4 d:/stm32cubeide_1.8.0/stm32cubeide/plugins/com.st.stm32cube.ide.mcu.externaltools.gnu-tools-for-stm32.9-2020-q2-update.win32_2.0.0.202105311346/tools/bin/../lib/gcc/arm-none-eabi/9.3.1/../../../../arm-none-eabi/lib/thumb/v7-m/nofp\libc_nano.a(lib_a-nano-mallocr.o)
                0x00000000200003bc                __malloc_free_list
 .bss.__malloc_sbrk_start
                0x00000000200003c0        0x4 d:/stm32cubeide_1.8.0/stm32cubeide/plugins/com.st.stm32cube.ide.mcu.externaltools.gnu-tools-for-stm32.9-2020-q2-update.win32_2.0.0.202105311346/tools/bin/../lib/gcc/arm-none-eabi/9.3.1/../../../../arm-none-eabi/lib/thumb/v7-m/nofp\libc_nano.a(lib_a-nano-mallocr.o)
                0x00000000200003c0                __malloc_sbrk_start
 *(COMMON)
 COMMON         0x00000000200003c4     0x1730 ./Core/Src/main.o
                0x00000000200003c4                BUFF_RX
                0x00000000200004c4                buforRamki
                0x00000000200005c4                pstrykniecie
                0x000000002000081c                destination_address
                0x0000000020000820                cmdLength
                0x0000000020000824                temp
                0x0000000020000828                hadc1
                0x0000000020000858                hdma_adc1
                0x000000002000089c                znak
                0x00000000200008a0                suma_kontrolna
                0x00000000200008a8                odebranaGranica
                0x00000000200008b0                wiadomosc
                0x00000000200009b0                huart2
                0x00000000200009f4                BUFF_TX
                0x0000000020000af4                BUFF_DATA
 COMMON         0x0000000020001af4        0x4 ./Drivers/STM32F1xx_HAL_Driver/Src/stm32f1xx_hal.o
                0x0000000020001af4                uwTick
 COMMON         0x0000000020001af8        0x4 d:/stm32cubeide_1.8.0/stm32cubeide/plugins/com.st.stm32cube.ide.mcu.externaltools.gnu-tools-for-stm32.9-2020-q2-update.win32_2.0.0.202105311346/tools/bin/../lib/gcc/arm-none-eabi/9.3.1/../../../../arm-none-eabi/lib/thumb/v7-m/nofp\libc_nano.a(lib_a-reent.o)
                0x0000000020001af8                errno
 COMMON         0x0000000020001afc        0x9 d:/stm32cubeide_1.8.0/stm32cubeide/plugins/com.st.stm32cube.ide.mcu.externaltools.gnu-tools-for-stm32.9-2020-q2-update.win32_2.0.0.202105311346/tools/bin/../lib/gcc/arm-none-eabi/9.3.1/../../../../arm-none-eabi/lib/thumb/v7-m/nofp\libc_nano.a(lib_a-lock.o)
                0x0000000020001afc                __lock___atexit_recursive_mutex
                0x0000000020001afd                __lock___arc4random_mutex
                0x0000000020001afe                __lock___env_recursive_mutex
                0x0000000020001aff                __lock___sinit_recursive_mutex
                0x0000000020001b00                __lock___malloc_recursive_mutex
                0x0000000020001b01                __lock___at_quick_exit_mutex
                0x0000000020001b02                __lock___dd_hash_mutex
                0x0000000020001b03                __lock___tz_mutex
                0x0000000020001b04                __lock___sfp_recursive_mutex
                0x0000000020001b08                . = ALIGN (0x4)
 *fill*         0x0000000020001b05        0x3 
                0x0000000020001b08                _ebss = .
                0x0000000020001b08                __bss_end__ = _ebss

._user_heap_stack
                0x0000000020001b08      0x600 load address 0x000000000800557c
                0x0000000020001b08                . = ALIGN (0x8)
                [!provide]                        PROVIDE (end = .)
                0x0000000020001b08                PROVIDE (_end = .)
                0x0000000020001d08                . = (. + _Min_Heap_Size)
 *fill*         0x0000000020001b08      0x200 
                0x0000000020002108                . = (. + _Min_Stack_Size)
 *fill*         0x0000000020001d08      0x400 
                0x0000000020002108                . = ALIGN (0x8)

/DISCARD/
 libc.a(*)
 libm.a(*)
 libgcc.a(*)

.ARM.attributes
                0x0000000000000000       0x29
 *(.ARM.attributes)
 .ARM.attributes
                0x0000000000000000       0x1d d:/stm32cubeide_1.8.0/stm32cubeide/plugins/com.st.stm32cube.ide.mcu.externaltools.gnu-tools-for-stm32.9-2020-q2-update.win32_2.0.0.202105311346/tools/bin/../lib/gcc/arm-none-eabi/9.3.1/thumb/v7-m/nofp/crti.o
 .ARM.attributes
                0x000000000000001d       0x2d d:/stm32cubeide_1.8.0/stm32cubeide/plugins/com.st.stm32cube.ide.mcu.externaltools.gnu-tools-for-stm32.9-2020-q2-update.win32_2.0.0.202105311346/tools/bin/../lib/gcc/arm-none-eabi/9.3.1/thumb/v7-m/nofp/crtbegin.o
 .ARM.attributes
                0x000000000000004a       0x2d ./Core/Src/main.o
 .ARM.attributes
                0x0000000000000077       0x2d ./Core/Src/stm32f1xx_hal_msp.o
 .ARM.attributes
                0x00000000000000a4       0x2d ./Core/Src/stm32f1xx_it.o
 .ARM.attributes
                0x00000000000000d1       0x2d ./Core/Src/sysmem.o
 .ARM.attributes
                0x00000000000000fe       0x2d ./Core/Src/system_stm32f1xx.o
 .ARM.attributes
                0x000000000000012b       0x21 ./Core/Startup/startup_stm32f103rbtx.o
 .ARM.attributes
                0x000000000000014c       0x2d ./Drivers/STM32F1xx_HAL_Driver/Src/stm32f1xx_hal.o
 .ARM.attributes
                0x0000000000000179       0x2d ./Drivers/STM32F1xx_HAL_Driver/Src/stm32f1xx_hal_adc.o
 .ARM.attributes
                0x00000000000001a6       0x2d ./Drivers/STM32F1xx_HAL_Driver/Src/stm32f1xx_hal_cortex.o
 .ARM.attributes
                0x00000000000001d3       0x2d ./Drivers/STM32F1xx_HAL_Driver/Src/stm32f1xx_hal_dma.o
 .ARM.attributes
                0x0000000000000200       0x2d ./Drivers/STM32F1xx_HAL_Driver/Src/stm32f1xx_hal_gpio.o
 .ARM.attributes
                0x000000000000022d       0x2d ./Drivers/STM32F1xx_HAL_Driver/Src/stm32f1xx_hal_rcc.o
 .ARM.attributes
                0x000000000000025a       0x2d ./Drivers/STM32F1xx_HAL_Driver/Src/stm32f1xx_hal_rcc_ex.o
 .ARM.attributes
                0x0000000000000287       0x2d ./Drivers/STM32F1xx_HAL_Driver/Src/stm32f1xx_hal_uart.o
 .ARM.attributes
                0x00000000000002b4       0x2d d:/stm32cubeide_1.8.0/stm32cubeide/plugins/com.st.stm32cube.ide.mcu.externaltools.gnu-tools-for-stm32.9-2020-q2-update.win32_2.0.0.202105311346/tools/bin/../lib/gcc/arm-none-eabi/9.3.1/../../../../arm-none-eabi/lib/thumb/v7-m/nofp\libc_nano.a(lib_a-atoi.o)
 .ARM.attributes
                0x00000000000002e1       0x2d d:/stm32cubeide_1.8.0/stm32cubeide/plugins/com.st.stm32cube.ide.mcu.externaltools.gnu-tools-for-stm32.9-2020-q2-update.win32_2.0.0.202105311346/tools/bin/../lib/gcc/arm-none-eabi/9.3.1/../../../../arm-none-eabi/lib/thumb/v7-m/nofp\libc_nano.a(lib_a-errno.o)
 .ARM.attributes
                0x000000000000030e       0x2d d:/stm32cubeide_1.8.0/stm32cubeide/plugins/com.st.stm32cube.ide.mcu.externaltools.gnu-tools-for-stm32.9-2020-q2-update.win32_2.0.0.202105311346/tools/bin/../lib/gcc/arm-none-eabi/9.3.1/../../../../arm-none-eabi/lib/thumb/v7-m/nofp\libc_nano.a(lib_a-impure.o)
 .ARM.attributes
                0x000000000000033b       0x2d d:/stm32cubeide_1.8.0/stm32cubeide/plugins/com.st.stm32cube.ide.mcu.externaltools.gnu-tools-for-stm32.9-2020-q2-update.win32_2.0.0.202105311346/tools/bin/../lib/gcc/arm-none-eabi/9.3.1/../../../../arm-none-eabi/lib/thumb/v7-m/nofp\libc_nano.a(lib_a-init.o)
 .ARM.attributes
                0x0000000000000368       0x2d d:/stm32cubeide_1.8.0/stm32cubeide/plugins/com.st.stm32cube.ide.mcu.externaltools.gnu-tools-for-stm32.9-2020-q2-update.win32_2.0.0.202105311346/tools/bin/../lib/gcc/arm-none-eabi/9.3.1/../../../../arm-none-eabi/lib/thumb/v7-m/nofp\libc_nano.a(lib_a-memcpy-stub.o)
 .ARM.attributes
                0x0000000000000395       0x2d d:/stm32cubeide_1.8.0/stm32cubeide/plugins/com.st.stm32cube.ide.mcu.externaltools.gnu-tools-for-stm32.9-2020-q2-update.win32_2.0.0.202105311346/tools/bin/../lib/gcc/arm-none-eabi/9.3.1/../../../../arm-none-eabi/lib/thumb/v7-m/nofp\libc_nano.a(lib_a-memset.o)
 .ARM.attributes
                0x00000000000003c2       0x2d d:/stm32cubeide_1.8.0/stm32cubeide/plugins/com.st.stm32cube.ide.mcu.externaltools.gnu-tools-for-stm32.9-2020-q2-update.win32_2.0.0.202105311346/tools/bin/../lib/gcc/arm-none-eabi/9.3.1/../../../../arm-none-eabi/lib/thumb/v7-m/nofp\libc_nano.a(lib_a-sprintf.o)
 .ARM.attributes
                0x00000000000003ef       0x1b d:/stm32cubeide_1.8.0/stm32cubeide/plugins/com.st.stm32cube.ide.mcu.externaltools.gnu-tools-for-stm32.9-2020-q2-update.win32_2.0.0.202105311346/tools/bin/../lib/gcc/arm-none-eabi/9.3.1/../../../../arm-none-eabi/lib/thumb/v7-m/nofp\libc_nano.a(lib_a-strcmp.o)
 .ARM.attributes
                0x000000000000040a       0x17 d:/stm32cubeide_1.8.0/stm32cubeide/plugins/com.st.stm32cube.ide.mcu.externaltools.gnu-tools-for-stm32.9-2020-q2-update.win32_2.0.0.202105311346/tools/bin/../lib/gcc/arm-none-eabi/9.3.1/../../../../arm-none-eabi/lib/thumb/v7-m/nofp\libc_nano.a(lib_a-strlen.o)
 .ARM.attributes
                0x0000000000000421       0x2d d:/stm32cubeide_1.8.0/stm32cubeide/plugins/com.st.stm32cube.ide.mcu.externaltools.gnu-tools-for-stm32.9-2020-q2-update.win32_2.0.0.202105311346/tools/bin/../lib/gcc/arm-none-eabi/9.3.1/../../../../arm-none-eabi/lib/thumb/v7-m/nofp\libc_nano.a(lib_a-strncmp.o)
 .ARM.attributes
                0x000000000000044e       0x2d d:/stm32cubeide_1.8.0/stm32cubeide/plugins/com.st.stm32cube.ide.mcu.externaltools.gnu-tools-for-stm32.9-2020-q2-update.win32_2.0.0.202105311346/tools/bin/../lib/gcc/arm-none-eabi/9.3.1/../../../../arm-none-eabi/lib/thumb/v7-m/nofp\libc_nano.a(lib_a-strtol.o)
 .ARM.attributes
                0x000000000000047b       0x2d d:/stm32cubeide_1.8.0/stm32cubeide/plugins/com.st.stm32cube.ide.mcu.externaltools.gnu-tools-for-stm32.9-2020-q2-update.win32_2.0.0.202105311346/tools/bin/../lib/gcc/arm-none-eabi/9.3.1/../../../../arm-none-eabi/lib/thumb/v7-m/nofp\libc_nano.a(lib_a-vsprintf.o)
 .ARM.attributes
                0x00000000000004a8       0x2d d:/stm32cubeide_1.8.0/stm32cubeide/plugins/com.st.stm32cube.ide.mcu.externaltools.gnu-tools-for-stm32.9-2020-q2-update.win32_2.0.0.202105311346/tools/bin/../lib/gcc/arm-none-eabi/9.3.1/../../../../arm-none-eabi/lib/thumb/v7-m/nofp\libc_nano.a(lib_a-ctype_.o)
 .ARM.attributes
                0x00000000000004d5       0x2d d:/stm32cubeide_1.8.0/stm32cubeide/plugins/com.st.stm32cube.ide.mcu.externaltools.gnu-tools-for-stm32.9-2020-q2-update.win32_2.0.0.202105311346/tools/bin/../lib/gcc/arm-none-eabi/9.3.1/../../../../arm-none-eabi/lib/thumb/v7-m/nofp\libc_nano.a(lib_a-nano-svfprintf.o)
 .ARM.attributes
                0x0000000000000502       0x2d d:/stm32cubeide_1.8.0/stm32cubeide/plugins/com.st.stm32cube.ide.mcu.externaltools.gnu-tools-for-stm32.9-2020-q2-update.win32_2.0.0.202105311346/tools/bin/../lib/gcc/arm-none-eabi/9.3.1/../../../../arm-none-eabi/lib/thumb/v7-m/nofp\libc_nano.a(lib_a-nano-vfprintf_i.o)
 .ARM.attributes
                0x000000000000052f       0x2d d:/stm32cubeide_1.8.0/stm32cubeide/plugins/com.st.stm32cube.ide.mcu.externaltools.gnu-tools-for-stm32.9-2020-q2-update.win32_2.0.0.202105311346/tools/bin/../lib/gcc/arm-none-eabi/9.3.1/../../../../arm-none-eabi/lib/thumb/v7-m/nofp\libc_nano.a(lib_a-memchr-stub.o)
 .ARM.attributes
                0x000000000000055c       0x2d d:/stm32cubeide_1.8.0/stm32cubeide/plugins/com.st.stm32cube.ide.mcu.externaltools.gnu-tools-for-stm32.9-2020-q2-update.win32_2.0.0.202105311346/tools/bin/../lib/gcc/arm-none-eabi/9.3.1/../../../../arm-none-eabi/lib/thumb/v7-m/nofp\libc_nano.a(lib_a-memmove.o)
 .ARM.attributes
                0x0000000000000589       0x2d d:/stm32cubeide_1.8.0/stm32cubeide/plugins/com.st.stm32cube.ide.mcu.externaltools.gnu-tools-for-stm32.9-2020-q2-update.win32_2.0.0.202105311346/tools/bin/../lib/gcc/arm-none-eabi/9.3.1/../../../../arm-none-eabi/lib/thumb/v7-m/nofp\libc_nano.a(lib_a-nano-freer.o)
 .ARM.attributes
                0x00000000000005b6       0x2d d:/stm32cubeide_1.8.0/stm32cubeide/plugins/com.st.stm32cube.ide.mcu.externaltools.gnu-tools-for-stm32.9-2020-q2-update.win32_2.0.0.202105311346/tools/bin/../lib/gcc/arm-none-eabi/9.3.1/../../../../arm-none-eabi/lib/thumb/v7-m/nofp\libc_nano.a(lib_a-nano-mallocr.o)
 .ARM.attributes
                0x00000000000005e3       0x2d d:/stm32cubeide_1.8.0/stm32cubeide/plugins/com.st.stm32cube.ide.mcu.externaltools.gnu-tools-for-stm32.9-2020-q2-update.win32_2.0.0.202105311346/tools/bin/../lib/gcc/arm-none-eabi/9.3.1/../../../../arm-none-eabi/lib/thumb/v7-m/nofp\libc_nano.a(lib_a-nano-reallocr.o)
 .ARM.attributes
                0x0000000000000610       0x2d d:/stm32cubeide_1.8.0/stm32cubeide/plugins/com.st.stm32cube.ide.mcu.externaltools.gnu-tools-for-stm32.9-2020-q2-update.win32_2.0.0.202105311346/tools/bin/../lib/gcc/arm-none-eabi/9.3.1/../../../../arm-none-eabi/lib/thumb/v7-m/nofp\libc_nano.a(lib_a-sbrkr.o)
 .ARM.attributes
                0x000000000000063d       0x2d d:/stm32cubeide_1.8.0/stm32cubeide/plugins/com.st.stm32cube.ide.mcu.externaltools.gnu-tools-for-stm32.9-2020-q2-update.win32_2.0.0.202105311346/tools/bin/../lib/gcc/arm-none-eabi/9.3.1/../../../../arm-none-eabi/lib/thumb/v7-m/nofp\libc_nano.a(lib_a-mlock.o)
 .ARM.attributes
                0x000000000000066a       0x2d d:/stm32cubeide_1.8.0/stm32cubeide/plugins/com.st.stm32cube.ide.mcu.externaltools.gnu-tools-for-stm32.9-2020-q2-update.win32_2.0.0.202105311346/tools/bin/../lib/gcc/arm-none-eabi/9.3.1/../../../../arm-none-eabi/lib/thumb/v7-m/nofp\libc_nano.a(lib_a-nano-msizer.o)
 .ARM.attributes
                0x0000000000000697       0x2d d:/stm32cubeide_1.8.0/stm32cubeide/plugins/com.st.stm32cube.ide.mcu.externaltools.gnu-tools-for-stm32.9-2020-q2-update.win32_2.0.0.202105311346/tools/bin/../lib/gcc/arm-none-eabi/9.3.1/../../../../arm-none-eabi/lib/thumb/v7-m/nofp\libc_nano.a(lib_a-reent.o)
 .ARM.attributes
                0x00000000000006c4       0x2d d:/stm32cubeide_1.8.0/stm32cubeide/plugins/com.st.stm32cube.ide.mcu.externaltools.gnu-tools-for-stm32.9-2020-q2-update.win32_2.0.0.202105311346/tools/bin/../lib/gcc/arm-none-eabi/9.3.1/../../../../arm-none-eabi/lib/thumb/v7-m/nofp\libc_nano.a(lib_a-lock.o)
 .ARM.attributes
                0x00000000000006f1       0x2d d:/stm32cubeide_1.8.0/stm32cubeide/plugins/com.st.stm32cube.ide.mcu.externaltools.gnu-tools-for-stm32.9-2020-q2-update.win32_2.0.0.202105311346/tools/bin/../lib/gcc/arm-none-eabi/9.3.1/../../../../arm-none-eabi/lib/thumb/v7-m/nofp\libm.a(lib_a-w_sqrt.o)
 .ARM.attributes
                0x000000000000071e       0x2d d:/stm32cubeide_1.8.0/stm32cubeide/plugins/com.st.stm32cube.ide.mcu.externaltools.gnu-tools-for-stm32.9-2020-q2-update.win32_2.0.0.202105311346/tools/bin/../lib/gcc/arm-none-eabi/9.3.1/../../../../arm-none-eabi/lib/thumb/v7-m/nofp\libm.a(lib_a-e_sqrt.o)
 .ARM.attributes
                0x000000000000074b       0x2d d:/stm32cubeide_1.8.0/stm32cubeide/plugins/com.st.stm32cube.ide.mcu.externaltools.gnu-tools-for-stm32.9-2020-q2-update.win32_2.0.0.202105311346/tools/bin/../lib/gcc/arm-none-eabi/9.3.1/../../../../arm-none-eabi/lib/thumb/v7-m/nofp\libm.a(lib_a-s_lib_ver.o)
 .ARM.attributes
                0x0000000000000778       0x1d d:/stm32cubeide_1.8.0/stm32cubeide/plugins/com.st.stm32cube.ide.mcu.externaltools.gnu-tools-for-stm32.9-2020-q2-update.win32_2.0.0.202105311346/tools/bin/../lib/gcc/arm-none-eabi/9.3.1/thumb/v7-m/nofp\libgcc.a(_arm_addsubdf3.o)
 .ARM.attributes
                0x0000000000000795       0x1d d:/stm32cubeide_1.8.0/stm32cubeide/plugins/com.st.stm32cube.ide.mcu.externaltools.gnu-tools-for-stm32.9-2020-q2-update.win32_2.0.0.202105311346/tools/bin/../lib/gcc/arm-none-eabi/9.3.1/thumb/v7-m/nofp\libgcc.a(_arm_muldivdf3.o)
 .ARM.attributes
                0x00000000000007b2       0x1d d:/stm32cubeide_1.8.0/stm32cubeide/plugins/com.st.stm32cube.ide.mcu.externaltools.gnu-tools-for-stm32.9-2020-q2-update.win32_2.0.0.202105311346/tools/bin/../lib/gcc/arm-none-eabi/9.3.1/thumb/v7-m/nofp\libgcc.a(_arm_cmpdf2.o)
 .ARM.attributes
                0x00000000000007cf       0x1d d:/stm32cubeide_1.8.0/stm32cubeide/plugins/com.st.stm32cube.ide.mcu.externaltools.gnu-tools-for-stm32.9-2020-q2-update.win32_2.0.0.202105311346/tools/bin/../lib/gcc/arm-none-eabi/9.3.1/thumb/v7-m/nofp\libgcc.a(_arm_unorddf2.o)
 .ARM.attributes
                0x00000000000007ec       0x1d d:/stm32cubeide_1.8.0/stm32cubeide/plugins/com.st.stm32cube.ide.mcu.externaltools.gnu-tools-for-stm32.9-2020-q2-update.win32_2.0.0.202105311346/tools/bin/../lib/gcc/arm-none-eabi/9.3.1/thumb/v7-m/nofp/crtn.o
OUTPUT(projekt2.1-baza2-TEST.elf elf32-littlearm)
LOAD linker stubs
LOAD d:/stm32cubeide_1.8.0/stm32cubeide/plugins/com.st.stm32cube.ide.mcu.externaltools.gnu-tools-for-stm32.9-2020-q2-update.win32_2.0.0.202105311346/tools/bin/../lib/gcc/arm-none-eabi/9.3.1/../../../../arm-none-eabi/lib/thumb/v7-m/nofp\libc.a
LOAD d:/stm32cubeide_1.8.0/stm32cubeide/plugins/com.st.stm32cube.ide.mcu.externaltools.gnu-tools-for-stm32.9-2020-q2-update.win32_2.0.0.202105311346/tools/bin/../lib/gcc/arm-none-eabi/9.3.1/../../../../arm-none-eabi/lib/thumb/v7-m/nofp\libm.a
LOAD d:/stm32cubeide_1.8.0/stm32cubeide/plugins/com.st.stm32cube.ide.mcu.externaltools.gnu-tools-for-stm32.9-2020-q2-update.win32_2.0.0.202105311346/tools/bin/../lib/gcc/arm-none-eabi/9.3.1/thumb/v7-m/nofp\libgcc.a

.debug_info     0x0000000000000000     0x935e
 .debug_info    0x0000000000000000     0x1fa9 ./Core/Src/main.o
 .debug_info    0x0000000000001fa9      0xd06 ./Core/Src/stm32f1xx_hal_msp.o
 .debug_info    0x0000000000002caf      0x6f0 ./Core/Src/stm32f1xx_it.o
 .debug_info    0x000000000000339f      0xa25 ./Core/Src/sysmem.o
 .debug_info    0x0000000000003dc4      0x2be ./Core/Src/system_stm32f1xx.o
 .debug_info    0x0000000000004082       0x22 ./Core/Startup/startup_stm32f103rbtx.o
 .debug_info    0x00000000000040a4      0x76a ./Drivers/STM32F1xx_HAL_Driver/Src/stm32f1xx_hal.o
 .debug_info    0x000000000000480e      0xd2d ./Drivers/STM32F1xx_HAL_Driver/Src/stm32f1xx_hal_adc.o
 .debug_info    0x000000000000553b      0xbdc ./Drivers/STM32F1xx_HAL_Driver/Src/stm32f1xx_hal_cortex.o
 .debug_info    0x0000000000006117      0x81e ./Drivers/STM32F1xx_HAL_Driver/Src/stm32f1xx_hal_dma.o
 .debug_info    0x0000000000006935      0x701 ./Drivers/STM32F1xx_HAL_Driver/Src/stm32f1xx_hal_gpio.o
 .debug_info    0x0000000000007036      0x88e ./Drivers/STM32F1xx_HAL_Driver/Src/stm32f1xx_hal_rcc.o
 .debug_info    0x00000000000078c4      0x480 ./Drivers/STM32F1xx_HAL_Driver/Src/stm32f1xx_hal_rcc_ex.o
 .debug_info    0x0000000000007d44     0x161a ./Drivers/STM32F1xx_HAL_Driver/Src/stm32f1xx_hal_uart.o

.debug_abbrev   0x0000000000000000     0x1bd0
 .debug_abbrev  0x0000000000000000      0x3fd ./Core/Src/main.o
 .debug_abbrev  0x00000000000003fd      0x1b5 ./Core/Src/stm32f1xx_hal_msp.o
 .debug_abbrev  0x00000000000005b2      0x163 ./Core/Src/stm32f1xx_it.o
 .debug_abbrev  0x0000000000000715      0x1bf ./Core/Src/sysmem.o
 .debug_abbrev  0x00000000000008d4      0x14e ./Core/Src/system_stm32f1xx.o
 .debug_abbrev  0x0000000000000a22       0x12 ./Core/Startup/startup_stm32f103rbtx.o
 .debug_abbrev  0x0000000000000a34      0x1ed ./Drivers/STM32F1xx_HAL_Driver/Src/stm32f1xx_hal.o
 .debug_abbrev  0x0000000000000c21      0x1fb ./Drivers/STM32F1xx_HAL_Driver/Src/stm32f1xx_hal_adc.o
 .debug_abbrev  0x0000000000000e1c      0x313 ./Drivers/STM32F1xx_HAL_Driver/Src/stm32f1xx_hal_cortex.o
 .debug_abbrev  0x000000000000112f      0x228 ./Drivers/STM32F1xx_HAL_Driver/Src/stm32f1xx_hal_dma.o
 .debug_abbrev  0x0000000000001357      0x1e8 ./Drivers/STM32F1xx_HAL_Driver/Src/stm32f1xx_hal_gpio.o
 .debug_abbrev  0x000000000000153f      0x273 ./Drivers/STM32F1xx_HAL_Driver/Src/stm32f1xx_hal_rcc.o
 .debug_abbrev  0x00000000000017b2      0x193 ./Drivers/STM32F1xx_HAL_Driver/Src/stm32f1xx_hal_rcc_ex.o
 .debug_abbrev  0x0000000000001945      0x28b ./Drivers/STM32F1xx_HAL_Driver/Src/stm32f1xx_hal_uart.o

.debug_aranges  0x0000000000000000      0x888
 .debug_aranges
                0x0000000000000000       0xf8 ./Core/Src/main.o
 .debug_aranges
                0x00000000000000f8       0x40 ./Core/Src/stm32f1xx_hal_msp.o
 .debug_aranges
                0x0000000000000138       0x78 ./Core/Src/stm32f1xx_it.o
 .debug_aranges
                0x00000000000001b0       0x20 ./Core/Src/sysmem.o
 .debug_aranges
                0x00000000000001d0       0x28 ./Core/Src/system_stm32f1xx.o
 .debug_aranges
                0x00000000000001f8       0x28 ./Core/Startup/startup_stm32f103rbtx.o
 .debug_aranges
                0x0000000000000220       0xe0 ./Drivers/STM32F1xx_HAL_Driver/Src/stm32f1xx_hal.o
 .debug_aranges
                0x0000000000000300       0xf0 ./Drivers/STM32F1xx_HAL_Driver/Src/stm32f1xx_hal_adc.o
 .debug_aranges
                0x00000000000003f0      0x100 ./Drivers/STM32F1xx_HAL_Driver/Src/stm32f1xx_hal_cortex.o
 .debug_aranges
                0x00000000000004f0       0x80 ./Drivers/STM32F1xx_HAL_Driver/Src/stm32f1xx_hal_dma.o
 .debug_aranges
                0x0000000000000570       0x58 ./Drivers/STM32F1xx_HAL_Driver/Src/stm32f1xx_hal_gpio.o
 .debug_aranges
                0x00000000000005c8       0x90 ./Drivers/STM32F1xx_HAL_Driver/Src/stm32f1xx_hal_rcc.o
 .debug_aranges
                0x0000000000000658       0x30 ./Drivers/STM32F1xx_HAL_Driver/Src/stm32f1xx_hal_rcc_ex.o
 .debug_aranges
                0x0000000000000688      0x200 ./Drivers/STM32F1xx_HAL_Driver/Src/stm32f1xx_hal_uart.o

.debug_ranges   0x0000000000000000      0x7e0
 .debug_ranges  0x0000000000000000       0xe8 ./Core/Src/main.o
 .debug_ranges  0x00000000000000e8       0x30 ./Core/Src/stm32f1xx_hal_msp.o
 .debug_ranges  0x0000000000000118       0x68 ./Core/Src/stm32f1xx_it.o
 .debug_ranges  0x0000000000000180       0x10 ./Core/Src/sysmem.o
 .debug_ranges  0x0000000000000190       0x18 ./Core/Src/system_stm32f1xx.o
 .debug_ranges  0x00000000000001a8       0x20 ./Core/Startup/startup_stm32f103rbtx.o
 .debug_ranges  0x00000000000001c8       0xd0 ./Drivers/STM32F1xx_HAL_Driver/Src/stm32f1xx_hal.o
 .debug_ranges  0x0000000000000298       0xe0 ./Drivers/STM32F1xx_HAL_Driver/Src/stm32f1xx_hal_adc.o
 .debug_ranges  0x0000000000000378       0xf0 ./Drivers/STM32F1xx_HAL_Driver/Src/stm32f1xx_hal_cortex.o
 .debug_ranges  0x0000000000000468       0x70 ./Drivers/STM32F1xx_HAL_Driver/Src/stm32f1xx_hal_dma.o
 .debug_ranges  0x00000000000004d8       0x48 ./Drivers/STM32F1xx_HAL_Driver/Src/stm32f1xx_hal_gpio.o
 .debug_ranges  0x0000000000000520       0x80 ./Drivers/STM32F1xx_HAL_Driver/Src/stm32f1xx_hal_rcc.o
 .debug_ranges  0x00000000000005a0       0x20 ./Drivers/STM32F1xx_HAL_Driver/Src/stm32f1xx_hal_rcc_ex.o
 .debug_ranges  0x00000000000005c0      0x220 ./Drivers/STM32F1xx_HAL_Driver/Src/stm32f1xx_hal_uart.o

.debug_macro    0x0000000000000000    0x17bb5
 .debug_macro   0x0000000000000000      0x399 ./Core/Src/main.o
 .debug_macro   0x0000000000000399      0xa9c ./Core/Src/main.o
 .debug_macro   0x0000000000000e35      0x221 ./Core/Src/main.o
 .debug_macro   0x0000000000001056       0x2e ./Core/Src/main.o
 .debug_macro   0x0000000000001084       0x22 ./Core/Src/main.o
 .debug_macro   0x00000000000010a6       0x22 ./Core/Src/main.o
 .debug_macro   0x00000000000010c8       0x8e ./Core/Src/main.o
 .debug_macro   0x0000000000001156       0x51 ./Core/Src/main.o
 .debug_macro   0x00000000000011a7      0x103 ./Core/Src/main.o
 .debug_macro   0x00000000000012aa       0x6a ./Core/Src/main.o
 .debug_macro   0x0000000000001314      0x1df ./Core/Src/main.o
 .debug_macro   0x00000000000014f3       0x1c ./Core/Src/main.o
 .debug_macro   0x000000000000150f       0x22 ./Core/Src/main.o
 .debug_macro   0x0000000000001531       0xc3 ./Core/Src/main.o
 .debug_macro   0x00000000000015f4      0xd23 ./Core/Src/main.o
 .debug_macro   0x0000000000002317     0xe09e ./Core/Src/main.o
 .debug_macro   0x00000000000103b5       0x6d ./Core/Src/main.o
 .debug_macro   0x0000000000010422     0x3468 ./Core/Src/main.o
 .debug_macro   0x000000000001388a      0x174 ./Core/Src/main.o
 .debug_macro   0x00000000000139fe       0x5c ./Core/Src/main.o
 .debug_macro   0x0000000000013a5a      0x5be ./Core/Src/main.o
 .debug_macro   0x0000000000014018      0x289 ./Core/Src/main.o
 .debug_macro   0x00000000000142a1      0x1cb ./Core/Src/main.o
 .debug_macro   0x000000000001446c      0x114 ./Core/Src/main.o
 .debug_macro   0x0000000000014580      0x1b2 ./Core/Src/main.o
 .debug_macro   0x0000000000014732       0x27 ./Core/Src/main.o
 .debug_macro   0x0000000000014759      0x136 ./Core/Src/main.o
 .debug_macro   0x000000000001488f      0x1bc ./Core/Src/main.o
 .debug_macro   0x0000000000014a4b       0x34 ./Core/Src/main.o
 .debug_macro   0x0000000000014a7f       0x3c ./Core/Src/main.o
 .debug_macro   0x0000000000014abb       0x57 ./Core/Src/main.o
 .debug_macro   0x0000000000014b12      0x46a ./Core/Src/main.o
 .debug_macro   0x0000000000014f7c      0x1b5 ./Core/Src/main.o
 .debug_macro   0x0000000000015131       0x88 ./Core/Src/main.o
 .debug_macro   0x00000000000151b9      0x241 ./Core/Src/main.o
 .debug_macro   0x00000000000153fa      0x141 ./Core/Src/main.o
 .debug_macro   0x000000000001553b      0x279 ./Core/Src/main.o
 .debug_macro   0x00000000000157b4       0x83 ./Core/Src/main.o
 .debug_macro   0x0000000000015837       0x5e ./Core/Src/main.o
 .debug_macro   0x0000000000015895       0x58 ./Core/Src/main.o
 .debug_macro   0x00000000000158ed       0x52 ./Core/Src/main.o
 .debug_macro   0x000000000001593f       0x18 ./Core/Src/main.o
 .debug_macro   0x0000000000015957       0x3c ./Core/Src/main.o
 .debug_macro   0x0000000000015993       0x34 ./Core/Src/main.o
 .debug_macro   0x00000000000159c7       0x16 ./Core/Src/main.o
 .debug_macro   0x00000000000159dd       0x43 ./Core/Src/main.o
 .debug_macro   0x0000000000015a20       0x34 ./Core/Src/main.o
 .debug_macro   0x0000000000015a54       0x10 ./Core/Src/main.o
 .debug_macro   0x0000000000015a64       0x58 ./Core/Src/main.o
 .debug_macro   0x0000000000015abc       0x71 ./Core/Src/main.o
 .debug_macro   0x0000000000015b2d       0x1c ./Core/Src/main.o
 .debug_macro   0x0000000000015b49      0x12a ./Core/Src/main.o
 .debug_macro   0x0000000000015c73      0x333 ./Core/Src/main.o
 .debug_macro   0x0000000000015fa6       0x10 ./Core/Src/main.o
 .debug_macro   0x0000000000015fb6       0x35 ./Core/Src/main.o
 .debug_macro   0x0000000000015feb       0x20 ./Core/Src/main.o
 .debug_macro   0x000000000001600b       0x16 ./Core/Src/main.o
 .debug_macro   0x0000000000016021       0x16 ./Core/Src/main.o
 .debug_macro   0x0000000000016037       0x29 ./Core/Src/main.o
 .debug_macro   0x0000000000016060      0x1a9 ./Core/Src/main.o
 .debug_macro   0x0000000000016209       0x1c ./Core/Src/main.o
 .debug_macro   0x0000000000016225       0x10 ./Core/Src/main.o
 .debug_macro   0x0000000000016235       0x1c ./Core/Src/main.o
 .debug_macro   0x0000000000016251       0x52 ./Core/Src/main.o
 .debug_macro   0x00000000000162a3       0x22 ./Core/Src/main.o
 .debug_macro   0x00000000000162c5       0x10 ./Core/Src/main.o
 .debug_macro   0x00000000000162d5       0x40 ./Core/Src/main.o
 .debug_macro   0x0000000000016315       0xd5 ./Core/Src/main.o
 .debug_macro   0x00000000000163ea       0x1c ./Core/Src/main.o
 .debug_macro   0x0000000000016406       0x3d ./Core/Src/main.o
 .debug_macro   0x0000000000016443       0x16 ./Core/Src/main.o
 .debug_macro   0x0000000000016459      0x145 ./Core/Src/main.o
 .debug_macro   0x000000000001659e      0x1b1 ./Core/Src/stm32f1xx_hal_msp.o
 .debug_macro   0x000000000001674f      0x1bb ./Core/Src/stm32f1xx_it.o
 .debug_macro   0x000000000001690a       0xff ./Core/Src/sysmem.o
 .debug_macro   0x0000000000016a09      0x23b ./Core/Src/sysmem.o
 .debug_macro   0x0000000000016c44      0x1a2 ./Core/Src/system_stm32f1xx.o
 .debug_macro   0x0000000000016de6      0x1c6 ./Drivers/STM32F1xx_HAL_Driver/Src/stm32f1xx_hal.o
 .debug_macro   0x0000000000016fac      0x1bf ./Drivers/STM32F1xx_HAL_Driver/Src/stm32f1xx_hal_adc.o
 .debug_macro   0x000000000001716b      0x1a2 ./Drivers/STM32F1xx_HAL_Driver/Src/stm32f1xx_hal_cortex.o
 .debug_macro   0x000000000001730d      0x1a2 ./Drivers/STM32F1xx_HAL_Driver/Src/stm32f1xx_hal_dma.o
 .debug_macro   0x00000000000174af      0x20d ./Drivers/STM32F1xx_HAL_Driver/Src/stm32f1xx_hal_gpio.o
 .debug_macro   0x00000000000176bc      0x1b4 ./Drivers/STM32F1xx_HAL_Driver/Src/stm32f1xx_hal_rcc.o
 .debug_macro   0x0000000000017870      0x1a2 ./Drivers/STM32F1xx_HAL_Driver/Src/stm32f1xx_hal_rcc_ex.o
 .debug_macro   0x0000000000017a12      0x1a3 ./Drivers/STM32F1xx_HAL_Driver/Src/stm32f1xx_hal_uart.o

.debug_line     0x0000000000000000     0x9638
 .debug_line    0x0000000000000000     0x10d4 ./Core/Src/main.o
 .debug_line    0x00000000000010d4      0x727 ./Core/Src/stm32f1xx_hal_msp.o
 .debug_line    0x00000000000017fb      0x77b ./Core/Src/stm32f1xx_it.o
 .debug_line    0x0000000000001f76      0x4e9 ./Core/Src/sysmem.o
 .debug_line    0x000000000000245f      0x6ef ./Core/Src/system_stm32f1xx.o
 .debug_line    0x0000000000002b4e       0x87 ./Core/Startup/startup_stm32f103rbtx.o
 .debug_line    0x0000000000002bd5      0x91c ./Drivers/STM32F1xx_HAL_Driver/Src/stm32f1xx_hal.o
 .debug_line    0x00000000000034f1      0xf93 ./Drivers/STM32F1xx_HAL_Driver/Src/stm32f1xx_hal_adc.o
 .debug_line    0x0000000000004484      0xb04 ./Drivers/STM32F1xx_HAL_Driver/Src/stm32f1xx_hal_cortex.o
 .debug_line    0x0000000000004f88      0xd74 ./Drivers/STM32F1xx_HAL_Driver/Src/stm32f1xx_hal_dma.o
 .debug_line    0x0000000000005cfc      0x9b3 ./Drivers/STM32F1xx_HAL_Driver/Src/stm32f1xx_hal_gpio.o
 .debug_line    0x00000000000066af      0xd2a ./Drivers/STM32F1xx_HAL_Driver/Src/stm32f1xx_hal_rcc.o
 .debug_line    0x00000000000073d9      0x868 ./Drivers/STM32F1xx_HAL_Driver/Src/stm32f1xx_hal_rcc_ex.o
 .debug_line    0x0000000000007c41     0x19f7 ./Drivers/STM32F1xx_HAL_Driver/Src/stm32f1xx_hal_uart.o

.debug_str      0x0000000000000000    0x88671
 .debug_str     0x0000000000000000    0x867a5 ./Core/Src/main.o
                                      0x86d2b (size before relaxing)
 .debug_str     0x00000000000867a5       0xa5 ./Core/Src/stm32f1xx_hal_msp.o
                                      0x81bfb (size before relaxing)
 .debug_str     0x000000000008684a       0xfd ./Core/Src/stm32f1xx_it.o
                                      0x817a3 (size before relaxing)
 .debug_str     0x0000000000086947      0x524 ./Core/Src/sysmem.o
                                       0x625d (size before relaxing)
 .debug_str     0x0000000000086e6b       0x52 ./Core/Src/system_stm32f1xx.o
                                      0x81220 (size before relaxing)
 .debug_str     0x0000000000086ebd       0x70 ./Core/Startup/startup_stm32f103rbtx.o
 .debug_str     0x0000000000086f2d      0x304 ./Drivers/STM32F1xx_HAL_Driver/Src/stm32f1xx_hal.o
                                      0x818b1 (size before relaxing)
 .debug_str     0x0000000000087231      0x326 ./Drivers/STM32F1xx_HAL_Driver/Src/stm32f1xx_hal_adc.o
                                      0x818b0 (size before relaxing)
 .debug_str     0x0000000000087557      0x300 ./Drivers/STM32F1xx_HAL_Driver/Src/stm32f1xx_hal_cortex.o
                                      0x818b9 (size before relaxing)
 .debug_str     0x0000000000087857      0x230 ./Drivers/STM32F1xx_HAL_Driver/Src/stm32f1xx_hal_dma.o
                                      0x815fb (size before relaxing)
 .debug_str     0x0000000000087a87      0x31f ./Drivers/STM32F1xx_HAL_Driver/Src/stm32f1xx_hal_gpio.o
                                      0x815e4 (size before relaxing)
 .debug_str     0x0000000000087da6      0x24f ./Drivers/STM32F1xx_HAL_Driver/Src/stm32f1xx_hal_rcc.o
                                      0x8161d (size before relaxing)
 .debug_str     0x0000000000087ff5       0xb9 ./Drivers/STM32F1xx_HAL_Driver/Src/stm32f1xx_hal_rcc_ex.o
                                      0x813aa (size before relaxing)
 .debug_str     0x00000000000880ae      0x5c3 ./Drivers/STM32F1xx_HAL_Driver/Src/stm32f1xx_hal_uart.o
                                      0x81c0f (size before relaxing)

.comment        0x0000000000000000       0x53
 .comment       0x0000000000000000       0x53 ./Core/Src/main.o
                                         0x54 (size before relaxing)
 .comment       0x0000000000000053       0x54 ./Core/Src/stm32f1xx_hal_msp.o
 .comment       0x0000000000000053       0x54 ./Core/Src/stm32f1xx_it.o
 .comment       0x0000000000000053       0x54 ./Core/Src/sysmem.o
 .comment       0x0000000000000053       0x54 ./Core/Src/system_stm32f1xx.o
 .comment       0x0000000000000053       0x54 ./Drivers/STM32F1xx_HAL_Driver/Src/stm32f1xx_hal.o
 .comment       0x0000000000000053       0x54 ./Drivers/STM32F1xx_HAL_Driver/Src/stm32f1xx_hal_adc.o
 .comment       0x0000000000000053       0x54 ./Drivers/STM32F1xx_HAL_Driver/Src/stm32f1xx_hal_cortex.o
 .comment       0x0000000000000053       0x54 ./Drivers/STM32F1xx_HAL_Driver/Src/stm32f1xx_hal_dma.o
 .comment       0x0000000000000053       0x54 ./Drivers/STM32F1xx_HAL_Driver/Src/stm32f1xx_hal_gpio.o
 .comment       0x0000000000000053       0x54 ./Drivers/STM32F1xx_HAL_Driver/Src/stm32f1xx_hal_rcc.o
 .comment       0x0000000000000053       0x54 ./Drivers/STM32F1xx_HAL_Driver/Src/stm32f1xx_hal_rcc_ex.o
 .comment       0x0000000000000053       0x54 ./Drivers/STM32F1xx_HAL_Driver/Src/stm32f1xx_hal_uart.o

.debug_frame    0x0000000000000000     0x28f8
 .debug_frame   0x0000000000000000      0x418 ./Core/Src/main.o
 .debug_frame   0x0000000000000418       0xc8 ./Core/Src/stm32f1xx_hal_msp.o
 .debug_frame   0x00000000000004e0      0x158 ./Core/Src/stm32f1xx_it.o
 .debug_frame   0x0000000000000638       0x34 ./Core/Src/sysmem.o
 .debug_frame   0x000000000000066c       0x58 ./Core/Src/system_stm32f1xx.o
 .debug_frame   0x00000000000006c4      0x334 ./Drivers/STM32F1xx_HAL_Driver/Src/stm32f1xx_hal.o
 .debug_frame   0x00000000000009f8      0x40c ./Drivers/STM32F1xx_HAL_Driver/Src/stm32f1xx_hal_adc.o
 .debug_frame   0x0000000000000e04      0x428 ./Drivers/STM32F1xx_HAL_Driver/Src/stm32f1xx_hal_cortex.o
 .debug_frame   0x000000000000122c      0x208 ./Drivers/STM32F1xx_HAL_Driver/Src/stm32f1xx_hal_dma.o
 .debug_frame   0x0000000000001434      0x14c ./Drivers/STM32F1xx_HAL_Driver/Src/stm32f1xx_hal_gpio.o
 .debug_frame   0x0000000000001580      0x21c ./Drivers/STM32F1xx_HAL_Driver/Src/stm32f1xx_hal_rcc.o
 .debug_frame   0x000000000000179c       0x84 ./Drivers/STM32F1xx_HAL_Driver/Src/stm32f1xx_hal_rcc_ex.o
 .debug_frame   0x0000000000001820      0x914 ./Drivers/STM32F1xx_HAL_Driver/Src/stm32f1xx_hal_uart.o
 .debug_frame   0x0000000000002134       0x30 d:/stm32cubeide_1.8.0/stm32cubeide/plugins/com.st.stm32cube.ide.mcu.externaltools.gnu-tools-for-stm32.9-2020-q2-update.win32_2.0.0.202105311346/tools/bin/../lib/gcc/arm-none-eabi/9.3.1/../../../../arm-none-eabi/lib/thumb/v7-m/nofp\libc_nano.a(lib_a-atoi.o)
 .debug_frame   0x0000000000002164       0x20 d:/stm32cubeide_1.8.0/stm32cubeide/plugins/com.st.stm32cube.ide.mcu.externaltools.gnu-tools-for-stm32.9-2020-q2-update.win32_2.0.0.202105311346/tools/bin/../lib/gcc/arm-none-eabi/9.3.1/../../../../arm-none-eabi/lib/thumb/v7-m/nofp\libc_nano.a(lib_a-errno.o)
 .debug_frame   0x0000000000002184       0x2c d:/stm32cubeide_1.8.0/stm32cubeide/plugins/com.st.stm32cube.ide.mcu.externaltools.gnu-tools-for-stm32.9-2020-q2-update.win32_2.0.0.202105311346/tools/bin/../lib/gcc/arm-none-eabi/9.3.1/../../../../arm-none-eabi/lib/thumb/v7-m/nofp\libc_nano.a(lib_a-init.o)
 .debug_frame   0x00000000000021b0       0x28 d:/stm32cubeide_1.8.0/stm32cubeide/plugins/com.st.stm32cube.ide.mcu.externaltools.gnu-tools-for-stm32.9-2020-q2-update.win32_2.0.0.202105311346/tools/bin/../lib/gcc/arm-none-eabi/9.3.1/../../../../arm-none-eabi/lib/thumb/v7-m/nofp\libc_nano.a(lib_a-memcpy-stub.o)
 .debug_frame   0x00000000000021d8       0x20 d:/stm32cubeide_1.8.0/stm32cubeide/plugins/com.st.stm32cube.ide.mcu.externaltools.gnu-tools-for-stm32.9-2020-q2-update.win32_2.0.0.202105311346/tools/bin/../lib/gcc/arm-none-eabi/9.3.1/../../../../arm-none-eabi/lib/thumb/v7-m/nofp\libc_nano.a(lib_a-memset.o)
 .debug_frame   0x00000000000021f8       0x6c d:/stm32cubeide_1.8.0/stm32cubeide/plugins/com.st.stm32cube.ide.mcu.externaltools.gnu-tools-for-stm32.9-2020-q2-update.win32_2.0.0.202105311346/tools/bin/../lib/gcc/arm-none-eabi/9.3.1/../../../../arm-none-eabi/lib/thumb/v7-m/nofp\libc_nano.a(lib_a-sprintf.o)
 .debug_frame   0x0000000000002264       0x20 d:/stm32cubeide_1.8.0/stm32cubeide/plugins/com.st.stm32cube.ide.mcu.externaltools.gnu-tools-for-stm32.9-2020-q2-update.win32_2.0.0.202105311346/tools/bin/../lib/gcc/arm-none-eabi/9.3.1/../../../../arm-none-eabi/lib/thumb/v7-m/nofp\libc_nano.a(lib_a-strcmp.o)
 .debug_frame   0x0000000000002284       0x28 d:/stm32cubeide_1.8.0/stm32cubeide/plugins/com.st.stm32cube.ide.mcu.externaltools.gnu-tools-for-stm32.9-2020-q2-update.win32_2.0.0.202105311346/tools/bin/../lib/gcc/arm-none-eabi/9.3.1/../../../../arm-none-eabi/lib/thumb/v7-m/nofp\libc_nano.a(lib_a-strncmp.o)
 .debug_frame   0x00000000000022ac       0x64 d:/stm32cubeide_1.8.0/stm32cubeide/plugins/com.st.stm32cube.ide.mcu.externaltools.gnu-tools-for-stm32.9-2020-q2-update.win32_2.0.0.202105311346/tools/bin/../lib/gcc/arm-none-eabi/9.3.1/../../../../arm-none-eabi/lib/thumb/v7-m/nofp\libc_nano.a(lib_a-strtol.o)
 .debug_frame   0x0000000000002310       0x3c d:/stm32cubeide_1.8.0/stm32cubeide/plugins/com.st.stm32cube.ide.mcu.externaltools.gnu-tools-for-stm32.9-2020-q2-update.win32_2.0.0.202105311346/tools/bin/../lib/gcc/arm-none-eabi/9.3.1/../../../../arm-none-eabi/lib/thumb/v7-m/nofp\libc_nano.a(lib_a-vsprintf.o)
 .debug_frame   0x000000000000234c       0x90 d:/stm32cubeide_1.8.0/stm32cubeide/plugins/com.st.stm32cube.ide.mcu.externaltools.gnu-tools-for-stm32.9-2020-q2-update.win32_2.0.0.202105311346/tools/bin/../lib/gcc/arm-none-eabi/9.3.1/../../../../arm-none-eabi/lib/thumb/v7-m/nofp\libc_nano.a(lib_a-nano-svfprintf.o)
 .debug_frame   0x00000000000023dc       0x60 d:/stm32cubeide_1.8.0/stm32cubeide/plugins/com.st.stm32cube.ide.mcu.externaltools.gnu-tools-for-stm32.9-2020-q2-update.win32_2.0.0.202105311346/tools/bin/../lib/gcc/arm-none-eabi/9.3.1/../../../../arm-none-eabi/lib/thumb/v7-m/nofp\libc_nano.a(lib_a-nano-vfprintf_i.o)
 .debug_frame   0x000000000000243c       0x28 d:/stm32cubeide_1.8.0/stm32cubeide/plugins/com.st.stm32cube.ide.mcu.externaltools.gnu-tools-for-stm32.9-2020-q2-update.win32_2.0.0.202105311346/tools/bin/../lib/gcc/arm-none-eabi/9.3.1/../../../../arm-none-eabi/lib/thumb/v7-m/nofp\libc_nano.a(lib_a-memchr-stub.o)
 .debug_frame   0x0000000000002464       0x28 d:/stm32cubeide_1.8.0/stm32cubeide/plugins/com.st.stm32cube.ide.mcu.externaltools.gnu-tools-for-stm32.9-2020-q2-update.win32_2.0.0.202105311346/tools/bin/../lib/gcc/arm-none-eabi/9.3.1/../../../../arm-none-eabi/lib/thumb/v7-m/nofp\libc_nano.a(lib_a-memmove.o)
 .debug_frame   0x000000000000248c       0x38 d:/stm32cubeide_1.8.0/stm32cubeide/plugins/com.st.stm32cube.ide.mcu.externaltools.gnu-tools-for-stm32.9-2020-q2-update.win32_2.0.0.202105311346/tools/bin/../lib/gcc/arm-none-eabi/9.3.1/../../../../arm-none-eabi/lib/thumb/v7-m/nofp\libc_nano.a(lib_a-nano-freer.o)
 .debug_frame   0x00000000000024c4       0x30 d:/stm32cubeide_1.8.0/stm32cubeide/plugins/com.st.stm32cube.ide.mcu.externaltools.gnu-tools-for-stm32.9-2020-q2-update.win32_2.0.0.202105311346/tools/bin/../lib/gcc/arm-none-eabi/9.3.1/../../../../arm-none-eabi/lib/thumb/v7-m/nofp\libc_nano.a(lib_a-nano-mallocr.o)
 .debug_frame   0x00000000000024f4       0x3c d:/stm32cubeide_1.8.0/stm32cubeide/plugins/com.st.stm32cube.ide.mcu.externaltools.gnu-tools-for-stm32.9-2020-q2-update.win32_2.0.0.202105311346/tools/bin/../lib/gcc/arm-none-eabi/9.3.1/../../../../arm-none-eabi/lib/thumb/v7-m/nofp\libc_nano.a(lib_a-nano-reallocr.o)
 .debug_frame   0x0000000000002530       0x2c d:/stm32cubeide_1.8.0/stm32cubeide/plugins/com.st.stm32cube.ide.mcu.externaltools.gnu-tools-for-stm32.9-2020-q2-update.win32_2.0.0.202105311346/tools/bin/../lib/gcc/arm-none-eabi/9.3.1/../../../../arm-none-eabi/lib/thumb/v7-m/nofp\libc_nano.a(lib_a-sbrkr.o)
 .debug_frame   0x000000000000255c       0x30 d:/stm32cubeide_1.8.0/stm32cubeide/plugins/com.st.stm32cube.ide.mcu.externaltools.gnu-tools-for-stm32.9-2020-q2-update.win32_2.0.0.202105311346/tools/bin/../lib/gcc/arm-none-eabi/9.3.1/../../../../arm-none-eabi/lib/thumb/v7-m/nofp\libc_nano.a(lib_a-mlock.o)
 .debug_frame   0x000000000000258c       0x20 d:/stm32cubeide_1.8.0/stm32cubeide/plugins/com.st.stm32cube.ide.mcu.externaltools.gnu-tools-for-stm32.9-2020-q2-update.win32_2.0.0.202105311346/tools/bin/../lib/gcc/arm-none-eabi/9.3.1/../../../../arm-none-eabi/lib/thumb/v7-m/nofp\libc_nano.a(lib_a-nano-msizer.o)
 .debug_frame   0x00000000000025ac       0x5c d:/stm32cubeide_1.8.0/stm32cubeide/plugins/com.st.stm32cube.ide.mcu.externaltools.gnu-tools-for-stm32.9-2020-q2-update.win32_2.0.0.202105311346/tools/bin/../lib/gcc/arm-none-eabi/9.3.1/../../../../arm-none-eabi/lib/thumb/v7-m/nofp\libc_nano.a(lib_a-reent.o)