main.c:138:6:send	536	static,ignoring_inline_asm
main.c:171:6:HAL_UART_TxCpltCallback	16	static
main.c:183:6:HAL_UART_RxCpltCallback	16	static
main.c:192:6:HAL_ADC_ConvHalfCpltCallback	16	static
main.c:196:6:HAL_ADC_ConvCpltCallback	16	static
main.c:204:7:analizaKomendy	16	static
main.c:242:7:dekoduj	8	static
main.c:263:7:errorSumaKontrolna	16	static
main.c:267:7:errorKomenda	16	static
main.c:271:7:errorKodowanie	16	static
main.c:277:7:start	16	static
main.c:281:7:wyslijPstrykJeden	16	static
main.c:285:7:wyslijPstrykDwa	16	static
main.c:289:7:odebranoRamke	16	static
main.c:293:7:wyslijTrybPracyJeden	16	static
main.c:297:7:wyslijTrybPracyDwa	16	static
main.c:301:7:wyslijGranica	48	static
main.c:315:7:analyseData	16	static
main.c:326:7:analyseStart	24	static
main.c:353:6:wystepujeKorelacja	24	static
main.c:365:10:korelacjaWzajemna	112	static
main.c:427:5:main	40	dynamic
main.c:554:6:SystemClock_Config	88	static
main.c:599:13:MX_ADC1_Init	24	static
main.c:644:13:MX_USART2_UART_Init	8	static
main.c:675:13:MX_DMA_Init	16	static
main.c:693:13:MX_GPIO_Init	40	static
main.c:733:6:Error_Handler	4	static,ignoring_inline_asm
